Component: ARM Compiler 5.06 update 7 (build 960) Tool: armlink [4d3601]

==============================================================================

Section Cross References

    startup_lpc17xx.o(STACK) refers (Special) to heapauxi.o(.text) for __use_two_region_memory
    startup_lpc17xx.o(HEAP) refers (Special) to heapauxi.o(.text) for __use_two_region_memory
    startup_lpc17xx.o(RESET) refers (Special) to heapauxi.o(.text) for __use_two_region_memory
    startup_lpc17xx.o(RESET) refers to startup_lpc17xx.o(STACK) for __initial_sp
    startup_lpc17xx.o(RESET) refers to startup_lpc17xx.o(.text) for Reset_Handler
    startup_lpc17xx.o(RESET) refers to irq_timer.o(.text) for TIMER0_IRQHandler
    startup_lpc17xx.o(RESET) refers to irq_adc.o(.text) for ADC_IRQHandler
    startup_lpc17xx.o(RESET) refers to irq_rit.o(.text) for RIT_IRQHandler
    startup_lpc17xx.o(.ARM.__at_0x02FC) refers (Special) to heapauxi.o(.text) for __use_two_region_memory
    startup_lpc17xx.o(.text) refers (Special) to heapauxi.o(.text) for __use_two_region_memory
    startup_lpc17xx.o(.text) refers to __main.o(!!!main) for __main
    startup_lpc17xx.o(.text) refers to startup_lpc17xx.o(HEAP) for Heap_Mem
    startup_lpc17xx.o(.text) refers to startup_lpc17xx.o(STACK) for Stack_Mem
    sample.o(.text) refers to system_lpc17xx.o(.text) for SystemInit
    sample.o(.text) refers to glcd.o(.text) for LCD_Initialization
    sample.o(.text) refers to lib_joystick.o(.text) for joystick_init
    sample.o(.text) refers to touchpanel.o(.text) for TP_Init
    sample.o(.text) refers to tamagothi.o(.text) for LCD_InitGame
    sample.o(.text) refers to lib_adc.o(.text) for ADC_init
    sample.o(.text) refers to lib_rit.o(.text) for init_RIT
    sample.o(.text) refers to lib_timer.o(.text) for init_timer
    system_lpc17xx.o(.text) refers to system_lpc17xx.o(.data) for .data
    irq_timer.o(.text) refers to tamagothi.o(.text) for Conversion_Time_Life_Tamagotchi
    irq_timer.o(.text) refers to battery.o(.text) for LCD_Decrease_Happines
    irq_timer.o(.text) refers to lib_timer.o(.text) for disable_timer
    irq_timer.o(.text) refers to lib_rit.o(.text) for disable_RIT
    irq_timer.o(.text) refers to irq_timer.o(.data) for .data
    asciilib.o(.text) refers to rt_memcpy_v6.o(.text) for __aeabi_memcpy
    asciilib.o(.text) refers to asciilib.o(.constdata) for .constdata
    glcd.o(.text) refers to glcd.o(.data) for .data
    glcd.o(.text) refers to asciilib.o(.text) for GetASCIICode
    hzlib.o(.text) refers to rt_memcpy_v6.o(.text) for __aeabi_memcpy
    hzlib.o(.text) refers to hzlib.o(.constdata) for .constdata
    touchpanel.o(.text) refers to glcd.o(.text) for LCD_SetPoint
    touchpanel.o(.text) refers to rt_memclr_w.o(.text) for __aeabi_memclr4
    touchpanel.o(.text) refers to dflt_clz.o(x$fpl$dflt) for __aeabi_i2d
    touchpanel.o(.text) refers to touchpanel.o(.data) for .data
    touchpanel.o(.text) refers to deqf.o(x$fpl$deqf) for __aeabi_cdcmpeq
    touchpanel.o(.text) refers to dflt_clz.o(x$fpl$dfltu) for __aeabi_ui2d
    touchpanel.o(.text) refers to dmul.o(x$fpl$dmul) for __aeabi_dmul
    touchpanel.o(.text) refers to daddsub_clz.o(x$fpl$dadd) for __aeabi_dadd
    touchpanel.o(.text) refers to ddiv.o(x$fpl$ddiv) for __aeabi_ddiv
    touchpanel.o(.text) refers to dfixu.o(x$fpl$dfixu) for __aeabi_d2uiz
    touchpanel.o(.text) refers to touchpanel.o(.bss) for .bss
    battery.o(.text) refers to glcd.o(.text) for LCD_DrawLine
    battery.o(.text) refers to irq_rit.o(.text) for get_status
    battery.o(.text) refers to irq_timer.o(.text) for set_stop
    battery.o(.text) refers to tamagothi.o(.text) for set_fine
    battery.o(.text) refers to lib_timer.o(.text) for disable_timer
    battery.o(.text) refers to battery.o(.data) for .data
    tamagothi.o(.text) refers to _printf_pad.o(.text) for _printf_pre_padding
    tamagothi.o(.text) refers to _printf_percent.o(.ARM.Collect$$_printf_percent$$00000000) for _printf_percent
    tamagothi.o(.text) refers to _printf_d.o(.ARM.Collect$$_printf_percent$$00000009) for _printf_d
    tamagothi.o(.text) refers to _printf_dec.o(.text) for _printf_int_dec
    tamagothi.o(.text) refers to glcd.o(.text) for LCD_DrawRectangle
    tamagothi.o(.text) refers to irq_timer.o(.text) for set_life
    tamagothi.o(.text) refers to battery.o(.text) for LCD_InitBattery
    tamagothi.o(.text) refers to noretval__2sprintf.o(.text) for __2sprintf
    tamagothi.o(.text) refers to irq_rit.o(.text) for set_emit_s
    tamagothi.o(.text) refers to lib_timer.o(.text) for disable_timer
    tamagothi.o(.text) refers to lib_rit.o(.text) for enable_RIT
    tamagothi.o(.text) refers to tamagothi.o(.data) for .data
    irq_rit.o(.text) refers to lib_rit.o(.text) for enable_RIT
    irq_rit.o(.text) refers to lib_adc.o(.text) for ADC_start_conversion
    irq_rit.o(.text) refers to tamagothi.o(.text) for get_fine
    irq_rit.o(.text) refers to irq_timer.o(.text) for set_stop
[...]
    ddiv.o(x$fpl$ddiv) refers to dretinf.o(x$fpl$dretinf) for __fpl_dretinf
    ddiv.o(x$fpl$ddiv) refers to dnaninf.o(x$fpl$dnaninf) for __fpl_dnaninf
    deqf.o(x$fpl$deqf) refers (Special) to usenofp.o(x$fpl$usenofp) for __I$use$fp
    deqf.o(x$fpl$deqf) refers to dnaninf.o(x$fpl$dnaninf) for __fpl_dnaninf
    deqf.o(x$fpl$deqf) refers to dcmpi.o(x$fpl$dcmpinf) for __fpl_dcmp_Inf
    dfixu.o(x$fpl$dfixu) refers (Special) to usenofp.o(x$fpl$usenofp) for __I$use$fp
    dfixu.o(x$fpl$dfixu) refers to dnaninf.o(x$fpl$dnaninf) for __fpl_dnaninf
    dfixu.o(x$fpl$dfixur) refers (Special) to usenofp.o(x$fpl$usenofp) for __I$use$fp
    dfixu.o(x$fpl$dfixur) refers to dnaninf.o(x$fpl$dnaninf) for __fpl_dnaninf
    dflt_clz.o(x$fpl$dfltu) refers (Special) to usenofp.o(x$fpl$usenofp) for __I$use$fp
    dflt_clz.o(x$fpl$dflt) refers (Special) to usenofp.o(x$fpl$usenofp) for __I$use$fp
    dflt_clz.o(x$fpl$dfltn) refers (Special) to usenofp.o(x$fpl$usenofp) for __I$use$fp
    dmul.o(x$fpl$dmul) refers (Special) to usenofp.o(x$fpl$usenofp) for __I$use$fp
    dmul.o(x$fpl$dmul) refers to dretinf.o(x$fpl$dretinf) for __fpl_dretinf
    dmul.o(x$fpl$dmul) refers to dnaninf.o(x$fpl$dnaninf) for __fpl_dnaninf
    __rtentry.o(.ARM.Collect$$rtentry$$00000000) refers (Special) to __rtentry2.o(.ARM.Collect$$rtentry$$0000000A) for __rt_entry_li
    __rtentry.o(.ARM.Collect$$rtentry$$00000000) refers (Special) to __rtentry2.o(.ARM.Collect$$rtentry$$0000000D) for __rt_entry_main
    __rtentry.o(.ARM.Collect$$rtentry$$00000000) refers (Special) to __rtentry2.o(.ARM.Collect$$rtentry$$0000000C) for __rt_entry_postli_1
    __rtentry.o(.ARM.Collect$$rtentry$$00000000) refers (Special) to __rtentry2.o(.ARM.Collect$$rtentry$$00000009) for __rt_entry_postsh_1
    __rtentry.o(.ARM.Collect$$rtentry$$00000000) refers (Special) to __rtentry2.o(.ARM.Collect$$rtentry$$00000002) for __rt_entry_presh_1
    __rtentry.o(.ARM.Collect$$rtentry$$00000000) refers (Special) to __rtentry4.o(.ARM.Collect$$rtentry$$00000004) for __rt_entry_sh
    _printf_intcommon.o(.text) refers (Weak) to _printf_pad.o(.text) for _printf_pre_padding
    _printf_intcommon.o(.text) refers (Weak) to _printf_pad.o(.text) for _printf_pre_padding
    _printf_intcommon.o(.text) refers (Weak) to _printf_pad.o(.text) for _printf_post_padding
    _printf_char_common.o(.text) refers to __printf_flags_wp.o(.text) for __printf
    dcmpi.o(x$fpl$dcmpinf) refers (Special) to usenofp.o(x$fpl$usenofp) for __I$use$fp
    dnaninf.o(x$fpl$dnaninf) refers (Special) to usenofp.o(x$fpl$usenofp) for __I$use$fp
    dretinf.o(x$fpl$dretinf) refers (Special) to usenofp.o(x$fpl$usenofp) for __I$use$fp
    __rtentry2.o(.ARM.Collect$$rtentry$$00000008) refers to boardinit2.o(.text) for _platform_post_stackheap_init
    __rtentry2.o(.ARM.Collect$$rtentry$$0000000A) refers to libinit.o(.ARM.Collect$$libinit$$00000000) for __rt_lib_init
    __rtentry2.o(.ARM.Collect$$rtentry$$0000000B) refers to boardinit3.o(.text) for _platform_post_lib_init
    __rtentry2.o(.ARM.Collect$$rtentry$$0000000D) refers to sample.o(.text) for main
    __rtentry2.o(.ARM.Collect$$rtentry$$0000000D) refers to exit.o(.text) for exit
    __rtentry2.o(.ARM.exidx) refers to __rtentry2.o(.ARM.Collect$$rtentry$$00000001) for .ARM.Collect$$rtentry$$00000001
    __rtentry2.o(.ARM.exidx) refers to __rtentry2.o(.ARM.Collect$$rtentry$$00000008) for .ARM.Collect$$rtentry$$00000008
    __rtentry2.o(.ARM.exidx) refers to __rtentry2.o(.ARM.Collect$$rtentry$$0000000A) for .ARM.Collect$$rtentry$$0000000A
    __rtentry2.o(.ARM.exidx) refers to __rtentry2.o(.ARM.Collect$$rtentry$$0000000B) for .ARM.Collect$$rtentry$$0000000B
    __rtentry2.o(.ARM.exidx) refers to __rtentry2.o(.ARM.Collect$$rtentry$$0000000D) for .ARM.Collect$$rtentry$$0000000D
    __rtentry4.o(.ARM.Collect$$rtentry$$00000004) refers to sys_stackheap_outer.o(.text) for __user_setup_stackheap
    __rtentry4.o(.ARM.exidx) refers to __rtentry4.o(.ARM.Collect$$rtentry$$00000004) for .ARM.Collect$$rtentry$$00000004
    sys_stackheap_outer.o(.text) refers to libspace.o(.text) for __user_perproc_libspace
    sys_stackheap_outer.o(.text) refers to startup_lpc17xx.o(.text) for __user_initial_stackheap
    exit.o(.text) refers to rtexit.o(.ARM.Collect$$rtexit$$00000000) for __rt_exit
    libinit.o(.ARM.Collect$$libinit$$00000000) refers (Special) to libinit2.o(.ARM.Collect$$libinit$$0000002E) for __rt_lib_init_alloca_1
    libinit.o(.ARM.Collect$$libinit$$00000000) refers (Special) to libinit2.o(.ARM.Collect$$libinit$$0000002C) for __rt_lib_init_argv_1
    libinit.o(.ARM.Collect$$libinit$$00000000) refers (Special) to libinit2.o(.ARM.Collect$$libinit$$0000001B) for __rt_lib_init_atexit_1
    libinit.o(.ARM.Collect$$libinit$$00000000) refers (Special) to libinit2.o(.ARM.Collect$$libinit$$00000021) for __rt_lib_init_clock_1
    libinit.o(.ARM.Collect$$libinit$$00000000) refers (Special) to libinit2.o(.ARM.Collect$$libinit$$00000032) for __rt_lib_init_cpp_1
    libinit.o(.ARM.Collect$$libinit$$00000000) refers (Special) to libinit2.o(.ARM.Collect$$libinit$$00000030) for __rt_lib_init_exceptions_1
    libinit.o(.ARM.Collect$$libinit$$00000000) refers (Special) to libinit2.o(.ARM.Collect$$libinit$$00000002) for __rt_lib_init_fp_1
    libinit.o(.ARM.Collect$$libinit$$00000000) refers (Special) to libinit2.o(.ARM.Collect$$libinit$$0000001F) for __rt_lib_init_fp_trap_1
    libinit.o(.ARM.Collect$$libinit$$00000000) refers (Special) to libinit2.o(.ARM.Collect$$libinit$$00000023) for __rt_lib_init_getenv_1
    libinit.o(.ARM.Collect$$libinit$$00000000) refers (Special) to libinit2.o(.ARM.Collect$$libinit$$0000000A) for __rt_lib_init_heap_1
    libinit.o(.ARM.Collect$$libinit$$00000000) refers (Special) to libinit2.o(.ARM.Collect$$libinit$$00000011) for __rt_lib_init_lc_collate_1
    libinit.o(.ARM.Collect$$libinit$$00000000) refers (Special) to libinit2.o(.ARM.Collect$$libinit$$00000013) for __rt_lib_init_lc_ctype_1
    libinit.o(.ARM.Collect$$libinit$$00000000) refers (Special) to libinit2.o(.ARM.Collect$$libinit$$00000015) for __rt_lib_init_lc_monetary_1
    libinit.o(.ARM.Collect$$libinit$$00000000) refers (Special) to libinit2.o(.ARM.Collect$$libinit$$00000017) for __rt_lib_init_lc_numeric_1
    libinit.o(.ARM.Collect$$libinit$$00000000) refers (Special) to libinit2.o(.ARM.Collect$$libinit$$00000019) for __rt_lib_init_lc_time_1
    libinit.o(.ARM.Collect$$libinit$$00000000) refers (Special) to libinit2.o(.ARM.Collect$$libinit$$00000004) for __rt_lib_init_preinit_1
    libinit.o(.ARM.Collect$$libinit$$00000000) refers (Special) to libinit2.o(.ARM.Collect$$libinit$$0000000E) for __rt_lib_init_rand_1
    libinit.o(.ARM.Collect$$libinit$$00000000) refers (Special) to libinit2.o(.ARM.Collect$$libinit$$00000033) for __rt_lib_init_return
    libinit.o(.ARM.Collect$$libinit$$00000000) refers (Special) to libinit2.o(.ARM.Collect$$libinit$$0000001D) for __rt_lib_init_signal_1
    libinit.o(.ARM.Collect$$libinit$$00000000) refers (Special) to libinit2.o(.ARM.Collect$$libinit$$00000025) for __rt_lib_init_stdio_1
    libinit.o(.ARM.Collect$$libinit$$00000000) refers (Special) to libinit2.o(.ARM.Collect$$libinit$$0000000C) for __rt_lib_init_user_alloc_1
    libspace.o(.text) refers to libspace.o(.bss) for __libspace_start
    rtexit.o(.ARM.Collect$$rtexit$$00000000) refers (Special) to rtexit2.o(.ARM.Collect$$rtexit$$00000004) for __rt_exit_exit
    rtexit.o(.ARM.Collect$$rtexit$$00000000) refers (Special) to rtexit2.o(.ARM.Collect$$rtexit$$00000003) for __rt_exit_ls
    rtexit.o(.ARM.Collect$$rtexit$$00000000) refers (Special) to rtexit2.o(.ARM.Collect$$rtexit$$00000002) for __rt_exit_prels_1
    rtexit.o(.ARM.exidx) refers (Special) to rtexit2.o(.ARM.Collect$$rtexit$$00000004) for __rt_exit_exit
    rtexit.o(.ARM.exidx) refers (Special) to rtexit2.o(.ARM.Collect$$rtexit$$00000003) for __rt_exit_ls
    rtexit.o(.ARM.exidx) refers (Special) to rtexit2.o(.ARM.Collect$$rtexit$$00000002) for __rt_exit_prels_1
    rtexit.o(.ARM.exidx) refers to rtexit.o(.ARM.Collect$$rtexit$$00000000) for .ARM.Collect$$rtexit$$00000000
    libinit2.o(.ARM.Collect$$libinit$$00000010) refers to libinit2.o(.ARM.Collect$$libinit$$0000000F) for .ARM.Collect$$libinit$$0000000F
    libinit2.o(.ARM.Collect$$libinit$$00000012) refers to libinit2.o(.ARM.Collect$$libinit$$0000000F) for .ARM.Collect$$libinit$$0000000F
    libinit2.o(.ARM.Collect$$libinit$$00000014) refers to libinit2.o(.ARM.Collect$$libinit$$0000000F) for .ARM.Collect$$libinit$$0000000F
    libinit2.o(.ARM.Collect$$libinit$$00000016) refers to libinit2.o(.ARM.Collect$$libinit$$0000000F) for .ARM.Collect$$libinit$$0000000F
    libinit2.o(.ARM.Collect$$libinit$$00000018) refers to libinit2.o(.ARM.Collect$$libinit$$0000000F) for .ARM.Collect$$libinit$$0000000F
    libinit2.o(.ARM.Collect$$libinit$$00000026) refers to argv_veneer.o(.emb_text) for __ARM_argv_veneer
    libinit2.o(.ARM.Collect$$libinit$$00000027) refers to argv_veneer.o(.emb_text) for __ARM_argv_veneer
    rtexit2.o(.ARM.Collect$$rtexit$$00000003) refers to libshutdown.o(.ARM.Collect$$libshutdown$$00000000) for __rt_lib_shutdown
    rtexit2.o(.ARM.Collect$$rtexit$$00000004) refers to sys_exit.o(.text) for _sys_exit
    rtexit2.o(.ARM.exidx) refers to rtexit2.o(.ARM.Collect$$rtexit$$00000001) for .ARM.Collect$$rtexit$$00000001
    rtexit2.o(.ARM.exidx) refers to rtexit2.o(.ARM.Collect$$rtexit$$00000003) for .ARM.Collect$$rtexit$$00000003
    rtexit2.o(.ARM.exidx) refers to rtexit2.o(.ARM.Collect$$rtexit$$00000004) for .ARM.Collect$$rtexit$$00000004
    argv_veneer.o(.emb_text) refers to no_argv.o(.text) for __ARM_get_argv
    sys_exit.o(.text) refers (Special) to use_no_semi.o(.text) for __I$use$semihosting
    sys_exit.o(.text) refers (Special) to indicate_semi.o(.text) for __semihosting_library_function
    _get_argv_nomalloc.o(.text) refers (Special) to hrguard.o(.text) for __heap_region$guard
    _get_argv_nomalloc.o(.text) refers to defsig_rtmem_outer.o(.text) for __rt_SIGRTMEM
    _get_argv_nomalloc.o(.text) refers to sys_command.o(.text) for _sys_command_string
    libshutdown.o(.ARM.Collect$$libshutdown$$00000000) refers (Special) to libshutdown2.o(.ARM.Collect$$libshutdown$$00000004) for __rt_lib_shutdown_cpp_1
    libshutdown.o(.ARM.Collect$$libshutdown$$00000000) refers (Special) to libshutdown2.o(.ARM.Collect$$libshutdown$$00000002) for __rt_lib_shutdown_fini_1
    libshutdown.o(.ARM.Collect$$libshutdown$$00000000) refers (Special) to libshutdown2.o(.ARM.Collect$$libshutdown$$00000009) for __rt_lib_shutdown_fp_trap_1
    libshutdown.o(.ARM.Collect$$libshutdown$$00000000) refers (Special) to libshutdown2.o(.ARM.Collect$$libshutdown$$00000011) for __rt_lib_shutdown_heap_1
    libshutdown.o(.ARM.Collect$$libshutdown$$00000000) refers (Special) to libshutdown2.o(.ARM.Collect$$libshutdown$$00000012) for __rt_lib_shutdown_return
    libshutdown.o(.ARM.Collect$$libshutdown$$00000000) refers (Special) to libshutdown2.o(.ARM.Collect$$libshutdown$$0000000C) for __rt_lib_shutdown_signal_1
    libshutdown.o(.ARM.Collect$$libshutdown$$00000000) refers (Special) to libshutdown2.o(.ARM.Collect$$libshutdown$$00000006) for __rt_lib_shutdown_stdio_1
    libshutdown.o(.ARM.Collect$$libshutdown$$00000000) refers (Special) to libshutdown2.o(.ARM.Collect$$libshutdown$$0000000E) for __rt_lib_shutdown_user_alloc_1
    sys_command.o(.text) refers (Special) to use_no_semi.o(.text) for __I$use$semihosting
    sys_command.o(.text) refers (Special) to indicate_semi.o(.text) for __semihosting_library_function
    defsig_rtmem_outer.o(.text) refers to defsig_rtmem_inner.o(.text) for __rt_SIGRTMEM_inner
    defsig_rtmem_outer.o(.text) refers to defsig_exit.o(.text) for __sig_exit
    defsig_rtmem_formal.o(.text) refers to rt_raise.o(.text) for __rt_raise
    rt_raise.o(.text) refers to __raise.o(.text) for __raise
    rt_raise.o(.text) refers to sys_exit.o(.text) for _sys_exit
    defsig_exit.o(.text) refers to sys_exit.o(.text) for _sys_exit
    defsig_rtmem_inner.o(.text) refers to defsig_general.o(.text) for __default_signal_display
    __raise.o(.text) refers to defsig.o(CL$$defsig) for __default_signal_handler
    defsig_general.o(.text) refers to sys_wrch.o(.text) for _ttywrch
    sys_wrch.o(.text) refers (Special) to use_no_semi.o(.text) for __I$use$semihosting
    sys_wrch.o(.text) refers (Special) to indicate_semi.o(.text) for __semihosting_library_function
    defsig.o(CL$$defsig) refers to defsig_rtmem_inner.o(.text) for __rt_SIGRTMEM_inner
    defsig_abrt_inner.o(.text) refers to defsig_general.o(.text) for __default_signal_display
    defsig_fpe_inner.o(.text) refers to defsig_general.o(.text) for __default_signal_display
    defsig_rtred_inner.o(.text) refers to defsig_general.o(.text) for __default_signal_display
    defsig_stak_inner.o(.text) refers to defsig_general.o(.text) for __default_signal_display
    defsig_pvfn_inner.o(.text) refers to defsig_general.o(.text) for __default_signal_display
    defsig_cppl_inner.o(.text) refers to defsig_general.o(.text) for __default_signal_display
    defsig_segv_inner.o(.text) refers to defsig_general.o(.text) for __default_signal_display
    defsig_other.o(.text) refers to defsig_general.o(.text) for __default_signal_display


==============================================================================

Removing Unused input sections from the image.

    Removing sample.o(.rev16_text), (4 bytes).
    Removing sample.o(.revsh_text), (4 bytes).
    Removing sample.o(.rrx_text), (6 bytes).
    Removing core_cm3.o(.emb_text), (32 bytes).
    Removing system_lpc17xx.o(.rev16_text), (4 bytes).
    Removing system_lpc17xx.o(.revsh_text), (4 bytes).
    Removing system_lpc17xx.o(.rrx_text), (6 bytes).
    Removing irq_timer.o(.rev16_text), (4 bytes).
    Removing irq_timer.o(.revsh_text), (4 bytes).
    Removing irq_timer.o(.rrx_text), (6 bytes).
    Removing lib_timer.o(.rev16_text), (4 bytes).
    Removing lib_timer.o(.revsh_text), (4 bytes).
    Removing lib_timer.o(.rrx_text), (6 bytes).
    Removing glcd.o(.rev16_text), (4 bytes).
    Removing glcd.o(.revsh_text), (4 bytes).
    Removing glcd.o(.rrx_text), (6 bytes).
    Removing hzlib.o(.text), (40 bytes).
    Removing hzlib.o(.constdata), (216576 bytes).
    Removing touchpanel.o(.rev16_text), (4 bytes).
    Removing touchpanel.o(.revsh_text), (4 bytes).
    Removing touchpanel.o(.rrx_text), (6 bytes).
    Removing battery.o(.rev16_text), (4 bytes).
    Removing battery.o(.revsh_text), (4 bytes).
    Removing battery.o(.rrx_text), (6 bytes).
    Removing tamagothi.o(.rev16_text), (4 bytes).
    Removing tamagothi.o(.revsh_text), (4 bytes).
    Removing tamagothi.o(.rrx_text), (6 bytes).
    Removing tamagothi.o(.data), (32 bytes).
    Removing lib_joystick.o(.rev16_text), (4 bytes).
    Removing lib_joystick.o(.revsh_text), (4 bytes).
    Removing lib_joystick.o(.rrx_text), (6 bytes).
    Removing funct_joystick.o(.rev16_text), (4 bytes).
    Removing funct_joystick.o(.revsh_text), (4 bytes).
    Removing funct_joystick.o(.rrx_text), (6 bytes).
    Removing funct_joystick.o(.text), (2 bytes).
    Removing irq_rit.o(.rev16_text), (4 bytes).
    Removing irq_rit.o(.revsh_text), (4 bytes).
    Removing irq_rit.o(.rrx_text), (6 bytes).
    Removing irq_rit.o(.data), (32 bytes).
    Removing lib_rit.o(.rev16_text), (4 bytes).
    Removing lib_rit.o(.revsh_text), (4 bytes).
    Removing lib_rit.o(.rrx_text), (6 bytes).
    Removing irq_adc.o(.rev16_text), (4 bytes).
    Removing irq_adc.o(.revsh_text), (4 bytes).
    Removing irq_adc.o(.rrx_text), (6 bytes).
    Removing lib_adc.o(.rev16_text), (4 bytes).
    Removing lib_adc.o(.revsh_text), (4 bytes).
    Removing lib_adc.o(.rrx_text), (6 bytes).
    Removing music.o(.rev16_text), (4 bytes).
    Removing music.o(.revsh_text), (4 bytes).
    Removing music.o(.rrx_text), (6 bytes).

51 unused section(s) (total 216924 bytes) removed from the image.

==============================================================================

Image Symbol Table

    Local Symbols

    Symbol Name                              Value     Ov Type        Size  Object(Section)

    RESET                                    0x00000000   Section      204  startup_lpc17xx.o(RESET)
    ../clib/angel/boardlib.s                 0x00000000   Number         0  boardinit2.o ABSOLUTE
    ../clib/angel/boardlib.s                 0x00000000   Number         0  boardinit1.o ABSOLUTE
    ../clib/angel/boardlib.s                 0x00000000   Number         0  boardshut.o ABSOLUTE
    ../clib/angel/boardlib.s                 0x00000000   Number         0  boardinit3.o ABSOLUTE
    ../clib/angel/dczerorl2.s                0x00000000   Number         0  __dczerorl2.o ABSOLUTE
    ../clib/angel/handlers.s                 0x00000000   Number         0  __scatter_zi.o ABSOLUTE
    ../clib/angel/handlers.s                 0x00000000   Number         0  __scatter_copy.o ABSOLUTE
    ../clib/angel/kernel.s                   0x00000000   Number         0  rtexit2.o ABSOLUTE
    ../clib/angel/kernel.s                   0x00000000   Number         0  rtexit.o ABSOLUTE
    ../clib/angel/kernel.s                   0x00000000   Number         0  __rtentry.o ABSOLUTE
    ../clib/angel/kernel.s                   0x00000000   Number         0  __rtentry2.o ABSOLUTE
    ../clib/angel/kernel.s                   0x00000000   Number         0  __rtentry4.o ABSOLUTE
    ../clib/angel/rt.s                       0x00000000   Number         0  rt_raise.o ABSOLUTE
    ../clib/angel/scatter.s                  0x00000000   Number         0  __scatter.o ABSOLUTE
    ../clib/angel/startup.s                  0x00000000   Number         0  __main.o ABSOLUTE
    ../clib/angel/sys.s                      0x00000000   Number         0  libspace.o ABSOLUTE
    ../clib/angel/sys.s                      0x00000000   Number         0  sys_stackheap_outer.o ABSOLUTE
    ../clib/angel/sys.s                      0x00000000   Number         0  indicate_semi.o ABSOLUTE
    ../clib/angel/sys.s                      0x00000000   Number         0  use_no_semi.o ABSOLUTE
    ../clib/angel/sysapp.c                   0x00000000   Number         0  sys_exit.o ABSOLUTE
    ../clib/angel/sysapp.c                   0x00000000   Number         0  sys_wrch.o ABSOLUTE
    ../clib/angel/sysapp.c                   0x00000000   Number         0  sys_command.o ABSOLUTE
    ../clib/armsys.c                         0x00000000   Number         0  argv_veneer.o ABSOLUTE
    ../clib/armsys.c                         0x00000000   Number         0  argv_veneer.o ABSOLUTE
    ../clib/armsys.c                         0x00000000   Number         0  _get_argv_nomalloc.o ABSOLUTE
    ../clib/armsys.c                         0x00000000   Number         0  no_argv.o ABSOLUTE
    ../clib/heapalloc.c                      0x00000000   Number         0  hrguard.o ABSOLUTE
    ../clib/heapaux.c                        0x00000000   Number         0  heapauxi.o ABSOLUTE
    ../clib/libinit.s                        0x00000000   Number         0  libinit2.o ABSOLUTE
    ../clib/libinit.s                        0x00000000   Number         0  libshutdown2.o ABSOLUTE
    ../clib/libinit.s                        0x00000000   Number         0  libshutdown.o ABSOLUTE
    ../clib/libinit.s                        0x00000000   Number         0  libinit.o ABSOLUTE
    ../clib/memcpset.s                       0x00000000   Number         0  rt_memcpy_w.o ABSOLUTE
    ../clib/memcpset.s                       0x00000000   Number         0  rt_memclr_w.o ABSOLUTE
    ../clib/memcpset.s                       0x00000000   Number         0  rt_memcpy_v6.o ABSOLUTE
    ../clib/misc.s                           0x00000000   Number         0  printf_stubs.o ABSOLUTE
    ../clib/printf.c                         0x00000000   Number         0  _printf_pad.o ABSOLUTE
    ../clib/printf.c                         0x00000000   Number         0  _sputc.o ABSOLUTE
    ../clib/printf.c                         0x00000000   Number         0  __printf_nopercent.o ABSOLUTE
    ../clib/printf.c                         0x00000000   Number         0  _printf_intcommon.o ABSOLUTE
    ../clib/printf.c                         0x00000000   Number         0  __printf.o ABSOLUTE
    ../clib/printf.c                         0x00000000   Number         0  _printf_dec.o ABSOLUTE
    ../clib/printf.c                         0x00000000   Number         0  __printf_flags.o ABSOLUTE
    ../clib/printf.c                         0x00000000   Number         0  __printf_ss.o ABSOLUTE
    ../clib/printf.c                         0x00000000   Number         0  __printf_flags_ss.o ABSOLUTE
    ../clib/printf.c                         0x00000000   Number         0  _printf_char_common.o ABSOLUTE
    ../clib/printf.c                         0x00000000   Number         0  __printf_wp.o ABSOLUTE
    ../clib/printf.c                         0x00000000   Number         0  __2sprintf.o ABSOLUTE
    ../clib/printf.c                         0x00000000   Number         0  __printf_flags_wp.o ABSOLUTE
    ../clib/printf.c                         0x00000000   Number         0  noretval__2sprintf.o ABSOLUTE
    ../clib/printf.c                         0x00000000   Number         0  __printf_ss_wp.o ABSOLUTE
    ../clib/printf.c                         0x00000000   Number         0  __printf_flags_ss_wp.o ABSOLUTE
    ../clib/printf_percent.s                 0x00000000   Number         0  _printf_percent.o ABSOLUTE
    ../clib/printf_percent.s                 0x00000000   Number         0  _printf_percent_end.o ABSOLUTE
    ../clib/printf_percent.s                 0x00000000   Number         0  _printf_d.o ABSOLUTE
    ../clib/signal.c                         0x00000000   Number         0  defsig_pvfn_inner.o ABSOLUTE
    ../clib/signal.c                         0x00000000   Number         0  defsig_stak_inner.o ABSOLUTE
    ../clib/signal.c                         0x00000000   Number         0  defsig_rtred_inner.o ABSOLUTE
    ../clib/signal.c                         0x00000000   Number         0  defsig_fpe_inner.o ABSOLUTE
    ../clib/signal.c                         0x00000000   Number         0  defsig_general.o ABSOLUTE
    ../clib/signal.c                         0x00000000   Number         0  __raise.o ABSOLUTE
    ../clib/signal.c                         0x00000000   Number         0  defsig_rtmem_inner.o ABSOLUTE
    ../clib/signal.c                         0x00000000   Number         0  defsig_exit.o ABSOLUTE
    ../clib/signal.c                         0x00000000   Number         0  defsig_rtmem_formal.o ABSOLUTE
    ../clib/signal.c                         0x00000000   Number         0  defsig_rtmem_outer.o ABSOLUTE
    ../clib/signal.c                         0x00000000   Number         0  defsig_abrt_inner.o ABSOLUTE
    ../clib/signal.c                         0x00000000   Number         0  defsig_other.o ABSOLUTE
    ../clib/signal.c                         0x00000000   Number         0  defsig_segv_inner.o ABSOLUTE
    ../clib/signal.c                         0x00000000   Number         0  defsig_cppl_inner.o ABSOLUTE
    ../clib/signal.s                         0x00000000   Number         0  defsig.o ABSOLUTE
    ../clib/stdlib.c                         0x00000000   Number         0  exit.o ABSOLUTE
    ../fplib/daddsub.s                       0x00000000   Number         0  daddsub_clz.o ABSOLUTE
    ../fplib/dcmpi.s                         0x00000000   Number         0  dcmpi.o ABSOLUTE
    ../fplib/ddiv.s                          0x00000000   Number         0  ddiv.o ABSOLUTE
    ../fplib/deqf.s                          0x00000000   Number         0  deqf.o ABSOLUTE
    ../fplib/dfixu.s                         0x00000000   Number         0  dfixu.o ABSOLUTE
    ../fplib/dflt.s                          0x00000000   Number         0  dflt_clz.o ABSOLUTE
    ../fplib/dmul.s                          0x00000000   Number         0  dmul.o ABSOLUTE
    ../fplib/dnaninf.s                       0x00000000   Number         0  dnaninf.o ABSOLUTE
    ../fplib/dretinf.s                       0x00000000   Number         0  dretinf.o ABSOLUTE
    ../fplib/fpinit.s                        0x00000000   Number         0  fpinit.o ABSOLUTE
    ../fplib/usenofp.s                       0x00000000   Number         0  usenofp.o ABSOLUTE
    GLCD\AsciiLib.c                          0x00000000   Number         0  asciilib.o ABSOLUTE
    GLCD\GLCD.c                              0x00000000   Number         0  glcd.o ABSOLUTE
    GLCD\HzLib.c                             0x00000000   Number         0  hzlib.o ABSOLUTE
    GLCD\\GLCD.c                             0x00000000   Number         0  glcd.o ABSOLUTE
    RIT\IRQ_RIT.c                            0x00000000   Number         0  irq_rit.o ABSOLUTE
    RIT\\IRQ_RIT.c                           0x00000000   Number         0  irq_rit.o ABSOLUTE
    RIT\\lib_RIT.c                           0x00000000   Number         0  lib_rit.o ABSOLUTE
    RIT\lib_RIT.c                            0x00000000   Number         0  lib_rit.o ABSOLUTE
    Tamagotchi\Battery.c                     0x00000000   Number         0  battery.o ABSOLUTE
    Tamagotchi\Tamagothi.c                   0x00000000   Number         0  tamagothi.o ABSOLUTE
    Tamagotchi\\Battery.c                    0x00000000   Number         0  battery.o ABSOLUTE
    Tamagotchi\\Tamagothi.c                  0x00000000   Number         0  tamagothi.o ABSOLUTE
    TouchPanel\TouchPanel.c                  0x00000000   Number         0  touchpanel.o ABSOLUTE
    TouchPanel\\TouchPanel.c                 0x00000000   Number         0  touchpanel.o ABSOLUTE
    adc\IRQ_adc.c                            0x00000000   Number         0  irq_adc.o ABSOLUTE
    adc\\IRQ_adc.c                           0x00000000   Number         0  irq_adc.o ABSOLUTE
    adc\\lib_adc.c                           0x00000000   Number         0  lib_adc.o ABSOLUTE
    adc\lib_adc.c                            0x00000000   Number         0  lib_adc.o ABSOLUTE
    core_cm3.c                               0x00000000   Number         0  core_cm3.o ABSOLUTE
    core_cm3.c                               0x00000000   Number         0  core_cm3.o ABSOLUTE
    dc.s                                     0x00000000   Number         0  dc.o ABSOLUTE
    joystick\\funct_joystick.c               0x00000000   Number         0  funct_joystick.o ABSOLUTE
    joystick\\lib_joystick.c                 0x00000000   Number         0  lib_joystick.o ABSOLUTE
    joystick\funct_joystick.c                0x00000000   Number         0  funct_joystick.o ABSOLUTE
    joystick\lib_joystick.c                  0x00000000   Number         0  lib_joystick.o ABSOLUTE
    music\\music.c                           0x00000000   Number         0  music.o ABSOLUTE
    music\music.c                            0x00000000   Number         0  music.o ABSOLUTE
    sample.c                                 0x00000000   Number         0  sample.o ABSOLUTE
    sample.c                                 0x00000000   Number         0  sample.o ABSOLUTE
    startup_LPC17xx.s                        0x00000000   Number         0  startup_lpc17xx.o ABSOLUTE
    system_LPC17xx.c                         0x00000000   Number         0  system_lpc17xx.o ABSOLUTE
    system_LPC17xx.c                         0x00000000   Number         0  system_lpc17xx.o ABSOLUTE
    timer\IRQ_timer.c                        0x00000000   Number         0  irq_timer.o ABSOLUTE
    timer\\IRQ_timer.c                       0x00000000   Number         0  irq_timer.o ABSOLUTE
    timer\\lib_timer.c                       0x00000000   Number         0  lib_timer.o ABSOLUTE
    timer\lib_timer.c                        0x00000000   Number         0  lib_timer.o ABSOLUTE
    !!!main                                  0x000000cc   Section        8  __main.o(!!!main)
    !!!scatter                               0x000000d4   Section       52  __scatter.o(!!!scatter)
    !!dczerorl2                              0x00000108   Section       90  __dczerorl2.o(!!dczerorl2)
    !!handler_copy                           0x00000164   Section       26  __scatter_copy.o(!!handler_copy)
    !!handler_zi                             0x00000180   Section       28  __scatter_zi.o(!!handler_zi)
    .ARM.Collect$$_printf_percent$$00000000  0x0000019c   Section        0  _printf_percent.o(.ARM.Collect$$_printf_percent$$00000000)
    .ARM.Collect$$_printf_percent$$00000009  0x0000019c   Section        6  _printf_d.o(.ARM.Collect$$_printf_percent$$00000009)
    .ARM.Collect$$_printf_percent$$00000017  0x000001a2   Section        4  _printf_percent_end.o(.ARM.Collect$$_printf_percent$$00000017)
    .ARM.Collect$$libinit$$00000000          0x000001a6   Section        2  libinit.o(.ARM.Collect$$libinit$$00000000)
    .ARM.Collect$$libinit$$00000002          0x000001a8   Section        0  libinit2.o(.ARM.Collect$$libinit$$00000002)
    .ARM.Collect$$libinit$$00000004          0x000001a8   Section        0  libinit2.o(.ARM.Collect$$libinit$$00000004)
    .ARM.Collect$$libinit$$0000000A          0x000001a8   Section        0  libinit2.o(.ARM.Collect$$libinit$$0000000A)
    .ARM.Collect$$libinit$$0000000C          0x000001a8   Section        0  libinit2.o(.ARM.Collect$$libinit$$0000000C)
    .ARM.Collect$$libinit$$0000000E          0x000001a8   Section        0  libinit2.o(.ARM.Collect$$libinit$$0000000E)
    .ARM.Collect$$libinit$$00000011          0x000001a8   Section        0  libinit2.o(.ARM.Collect$$libinit$$00000011)
    .ARM.Collect$$libinit$$00000013          0x000001a8   Section        0  libinit2.o(.ARM.Collect$$libinit$$00000013)
    .ARM.Collect$$libinit$$00000015          0x000001a8   Section        0  libinit2.o(.ARM.Collect$$libinit$$00000015)
    .ARM.Collect$$libinit$$00000017          0x000001a8   Section        0  libinit2.o(.ARM.Collect$$libinit$$00000017)
    .ARM.Collect$$libinit$$00000019          0x000001a8   Section        0  libinit2.o(.ARM.Collect$$libinit$$00000019)
    .ARM.Collect$$libinit$$0000001B          0x000001a8   Section        0  libinit2.o(.ARM.Collect$$libinit$$0000001B)
    .ARM.Collect$$libinit$$0000001D          0x000001a8   Section        0  libinit2.o(.ARM.Collect$$libinit$$0000001D)
    .ARM.Collect$$libinit$$0000001F          0x000001a8   Section        0  libinit2.o(.ARM.Collect$$libinit$$0000001F)
    .ARM.Collect$$libinit$$00000021          0x000001a8   Section        0  libinit2.o(.ARM.Collect$$libinit$$00000021)
    .ARM.Collect$$libinit$$00000023          0x000001a8   Section        0  libinit2.o(.ARM.Collect$$libinit$$00000023)
    .ARM.Collect$$libinit$$00000025          0x000001a8   Section        0  libinit2.o(.ARM.Collect$$libinit$$00000025)
    .ARM.Collect$$libinit$$0000002C          0x000001a8   Section        0  libinit2.o(.ARM.Collect$$libinit$$0000002C)
    .ARM.Collect$$libinit$$0000002E          0x000001a8   Section        0  libinit2.o(.ARM.Collect$$libinit$$0000002E)
    .ARM.Collect$$libinit$$00000030          0x000001a8   Section        0  libinit2.o(.ARM.Collect$$libinit$$00000030)
    .ARM.Collect$$libinit$$00000032          0x000001a8   Section        0  libinit2.o(.ARM.Collect$$libinit$$00000032)
    .ARM.Collect$$libinit$$00000033          0x000001a8   Section        2  libinit2.o(.ARM.Collect$$libinit$$00000033)
    .ARM.Collect$$libshutdown$$00000000      0x000001aa   Section        2  libshutdown.o(.ARM.Collect$$libshutdown$$00000000)
    .ARM.Collect$$libshutdown$$00000002      0x000001ac   Section        0  libshutdown2.o(.ARM.Collect$$libshutdown$$00000002)
    .ARM.Collect$$libshutdown$$00000004      0x000001ac   Section        0  libshutdown2.o(.ARM.Collect$$libshutdown$$00000004)
    .ARM.Collect$$libshutdown$$00000006      0x000001ac   Section        0  libshutdown2.o(.ARM.Collect$$libshutdown$$00000006)
    .ARM.Collect$$libshutdown$$00000009      0x000001ac   Section        0  libshutdown2.o(.ARM.Collect$$libshutdown$$00000009)
    .ARM.Collect$$libshutdown$$0000000C      0x000001ac   Section        0  libshutdown2.o(.ARM.Collect$$libshutdown$$0000000C)
    .ARM.Collect$$libshutdown$$0000000E      0x000001ac   Section        0  libshutdown2.o(.ARM.Collect$$libshutdown$$0000000E)
    .ARM.Collect$$libshutdown$$00000011      0x000001ac   Section        0  libshutdown2.o(.ARM.Collect$$libshutdown$$00000011)
    .ARM.Collect$$libshutdown$$00000012      0x000001ac   Section        2  libshutdown2.o(.ARM.Collect$$libshutdown$$00000012)
    .ARM.Collect$$rtentry$$00000000          0x000001ae   Section        0  __rtentry.o(.ARM.Collect$$rtentry$$00000000)
    .ARM.Collect$$rtentry$$00000002          0x000001ae   Section        0  __rtentry2.o(.ARM.Collect$$rtentry$$00000002)
    .ARM.Collect$$rtentry$$00000004          0x000001ae   Section        6  __rtentry4.o(.ARM.Collect$$rtentry$$00000004)
    .ARM.Collect$$rtentry$$00000009          0x000001b4   Section        0  __rtentry2.o(.ARM.Collect$$rtentry$$00000009)
    .ARM.Collect$$rtentry$$0000000A          0x000001b4   Section        4  __rtentry2.o(.ARM.Collect$$rtentry$$0000000A)
    .ARM.Collect$$rtentry$$0000000C          0x000001b8   Section        0  __rtentry2.o(.ARM.Collect$$rtentry$$0000000C)
    .ARM.Collect$$rtentry$$0000000D          0x000001b8   Section        8  __rtentry2.o(.ARM.Collect$$rtentry$$0000000D)
    .ARM.Collect$$rtexit$$00000000           0x000001c0   Section        2  rtexit.o(.ARM.Collect$$rtexit$$00000000)
    .ARM.Collect$$rtexit$$00000002           0x000001c2   Section        0  rtexit2.o(.ARM.Collect$$rtexit$$00000002)
    .ARM.Collect$$rtexit$$00000003           0x000001c2   Section        4  rtexit2.o(.ARM.Collect$$rtexit$$00000003)
    .ARM.Collect$$rtexit$$00000004           0x000001c6   Section        6  rtexit2.o(.ARM.Collect$$rtexit$$00000004)
    .text                                    0x000001cc   Section       52  startup_lpc17xx.o(.text)
    .text                                    0x00000200   Section        0  sample.o(.text)
    .text                                    0x000002a0   Section        0  asciilib.o(.text)
    .text                                    0x000002b4   Section        0  lib_joystick.o(.text)
    .text                                    0x000002f4   Section        0  heapauxi.o(.text)
    .text                                    0x000002fa   Section        2  use_no_semi.o(.text)
    .ARM.__at_0x02FC                         0x000002fc   Section        4  startup_lpc17xx.o(.ARM.__at_0x02FC)
    .text                                    0x00000300   Section        0  system_lpc17xx.o(.text)
    .text                                    0x00000498   Section        0  irq_timer.o(.text)
    .text                                    0x000005c8   Section        0  lib_timer.o(.text)
    __NVIC_EnableIRQ                         0x000006d1   Thumb Code    26  lib_timer.o(.text)
    __NVIC_SetPriority                       0x000006eb   Thumb Code    32  lib_timer.o(.text)
    .text                                    0x0000071c   Section        0  glcd.o(.text)
    LCD_SetCursor                            0x0000071d   Thumb Code   908  glcd.o(.text)
    delay_ms                                 0x0000407d   Thumb Code    28  glcd.o(.text)
    .text                                    0x000040a0   Section        0  touchpanel.o(.text)
    WR_CMD                                   0x000040c7   Thumb Code    28  touchpanel.o(.text)
    ADS7843_SPI_Init                         0x000046dd   Thumb Code    86  touchpanel.o(.text)
    DelayUS                                  0x00004733   Thumb Code    20  touchpanel.o(.text)
    RD_AD                                    0x00004747   Thumb Code    34  touchpanel.o(.text)
    .text                                    0x000047a0   Section        0  battery.o(.text)
    .text                                    0x00004a68   Section        0  tamagothi.o(.text)
    .text                                    0x00005e00   Section        0  irq_rit.o(.text)
    .text                                    0x000060c4   Section        0  lib_rit.o(.text)
    .text                                    0x00006138   Section        0  irq_adc.o(.text)
    .text                                    0x00006288   Section        0  lib_adc.o(.text)
    .text                                    0x000062dc   Section        0  music.o(.text)
    .text                                    0x0000632c   Section        0  noretval__2sprintf.o(.text)
    .text                                    0x00006354   Section        0  _printf_pad.o(.text)
    .text                                    0x000063a4   Section        0  _printf_dec.o(.text)
    .text                                    0x0000641c   Section        0  __printf_flags_wp.o(.text)
    .text                                    0x00006554   Section      138  rt_memcpy_v6.o(.text)
    .text                                    0x000065de   Section       78  rt_memclr_w.o(.text)
    .text                                    0x0000662c   Section        0  _printf_intcommon.o(.text)
    .text                                    0x000066e0   Section        0  _printf_char_common.o(.text)
    _printf_input_char                       0x000066e1   Thumb Code    10  _printf_char_common.o(.text)
    .text                                    0x00006710   Section        0  _sputc.o(.text)
    .text                                    0x0000671a   Section      100  rt_memcpy_w.o(.text)
    .text                                    0x0000677e   Section       74  sys_stackheap_outer.o(.text)
    .text                                    0x000067c8   Section        0  exit.o(.text)
    .text                                    0x000067dc   Section        8  libspace.o(.text)
    .text                                    0x000067e4   Section        0  sys_exit.o(.text)
    .text                                    0x000067f0   Section        0  indicate_semi.o(.text)
    i._is_digit                              0x000067f0   Section        0  __printf_wp.o(i._is_digit)
    x$fpl$dadd                               0x00006800   Section      336  daddsub_clz.o(x$fpl$dadd)
    _dadd1                                   0x00006811   Thumb Code     0  daddsub_clz.o(x$fpl$dadd)
    x$fpl$dcmpinf                            0x00006950   Section       24  dcmpi.o(x$fpl$dcmpinf)
    x$fpl$ddiv                               0x00006968   Section      688  ddiv.o(x$fpl$ddiv)
    ddiv_entry                               0x0000696f   Thumb Code     0  ddiv.o(x$fpl$ddiv)
    x$fpl$deqf                               0x00006c18   Section      120  deqf.o(x$fpl$deqf)
    x$fpl$dfixu                              0x00006c90   Section       90  dfixu.o(x$fpl$dfixu)
    x$fpl$dflt                               0x00006cea   Section       46  dflt_clz.o(x$fpl$dflt)
    x$fpl$dfltu                              0x00006d18   Section       38  dflt_clz.o(x$fpl$dfltu)
    x$fpl$dmul                               0x00006d40   Section      340  dmul.o(x$fpl$dmul)
    x$fpl$dnaninf                            0x00006e94   Section      156  dnaninf.o(x$fpl$dnaninf)
    x$fpl$dretinf                            0x00006f30   Section       12  dretinf.o(x$fpl$dretinf)
    x$fpl$dsub                               0x00006f3c   Section      468  daddsub_clz.o(x$fpl$dsub)
    _dsub1                                   0x00006f4d   Thumb Code     0  daddsub_clz.o(x$fpl$dsub)
    .constdata                               0x00007110   Section     1520  asciilib.o(.constdata)
    x$fpl$usenofp                            0x00007110   Section        0  usenofp.o(x$fpl$usenofp)
    AsciiLib                                 0x00007110   Data        1520  asciilib.o(.constdata)
    .constdata                               0x00007700   Section       17  __printf_flags_wp.o(.constdata)
    maptable                                 0x00007700   Data          17  __printf_flags_wp.o(.constdata)
    .data                                    0x10000000   Section        8  system_lpc17xx.o(.data)
    .data                                    0x10000008   Section        4  glcd.o(.data)
    LCD_Code                                 0x10000008   Data           1  glcd.o(.data)
    back_color                               0x1000000a   Data           2  glcd.o(.data)
    .data                                    0x1000000c   Section        4  irq_adc.o(.data)
    STACK                                    0x10000010   Section      512  startup_lpc17xx.o(STACK)
    Stack_Mem                                0x10000010   Data         512  startup_lpc17xx.o(STACK)
    __initial_sp                             0x10000210   Data           0  startup_lpc17xx.o(STACK)
    .data                                    0x2007c000   Section      134  irq_timer.o(.data)
    stop                                     0x2007c000   Data           4  irq_timer.o(.data)
    life                                     0x2007c004   Data           4  irq_timer.o(.data)
    flag                                     0x2007c008   Data           4  irq_timer.o(.data)
    tim1                                     0x2007c00c   Data           4  irq_timer.o(.data)
    tim2                                     0x2007c010   Data           4  irq_timer.o(.data)
    volume                                   0x2007c014   Data           4  irq_timer.o(.data)
    animazione                               0x2007c018   Data           4  irq_timer.o(.data)
    sineticks                                0x2007c01c   Data           4  irq_timer.o(.data)
    currentValue                             0x2007c020   Data           4  irq_timer.o(.data)
    count                                    0x2007c024   Data           4  irq_timer.o(.data)
    stop                                     0x2007c028   Data           4  irq_timer.o(.data)
    .data                                    0x2007c086   Section       16  touchpanel.o(.data)
    screen                                   0x2007c086   Data           4  touchpanel.o(.data)
    .data                                    0x2007c096   Section        4  touchpanel.o(.data)
    .data                                    0x2007c09c   Section        8  battery.o(.data)
    satiety                                  0x2007c09c   Data           4  battery.o(.data)
    happines                                 0x2007c0a0   Data           4  battery.o(.data)
    .data                                    0x2007c0a4   Section       36  tamagothi.o(.data)
    fine                                     0x2007c0a4   Data           4  tamagothi.o(.data)
    i                                        0x2007c0a8   Data           4  tamagothi.o(.data)
    j                                        0x2007c0ac   Data           4  tamagothi.o(.data)
    controllo                                0x2007c0b0   Data           4  tamagothi.o(.data)
    i                                        0x2007c0b4   Data           4  tamagothi.o(.data)
    j                                        0x2007c0b8   Data           4  tamagothi.o(.data)
    controllo                                0x2007c0bc   Data           4  tamagothi.o(.data)
    flag                                     0x2007c0c0   Data           4  tamagothi.o(.data)
    stop                                     0x2007c0c4   Data           4  tamagothi.o(.data)
    .data                                    0x2007c0c8   Section      164  irq_rit.o(.data)
    status                                   0x2007c0c8   Data           4  irq_rit.o(.data)
    select                                   0x2007c0cc   Data           4  irq_rit.o(.data)
    right                                    0x2007c0d0   Data           4  irq_rit.o(.data)
    left                                     0x2007c0d4   Data           4  irq_rit.o(.data)
    emit_s                                   0x2007c0d8   Data           4  irq_rit.o(.data)
    currentNote                              0x2007c0dc   Data           4  irq_rit.o(.data)
    ticks                                    0x2007c0e0   Data           4  irq_rit.o(.data)
    .bss                                     0x2007c170   Section       68  touchpanel.o(.bss)
    .bss                                     0x2007c1b4   Section       96  libspace.o(.bss)
    HEAP                                     0x2007c218   Section        0  startup_lpc17xx.o(HEAP)
    Heap_Mem                                 0x2007c218   Data           0  startup_lpc17xx.o(HEAP)

    Global Symbols

    Symbol Name                              Value     Ov Type        Size  Object(Section)

    BuildAttributes$$THM_ISAv4$P$D$K$B$S$PE$A:L22UL41UL21$X:L11$S22US41US21$IEEE1$IW$USESV6$~STKCKD$USESV7$~SHL$OSPACE$ROPI$EBA8$UX$STANDARDLIB$REQ8$PRES8$EABIv2 0x00000000   Number         0  anon$$obj.o ABSOLUTE
    __ARM_use_no_argv                        0x00000000   Number         0  sample.o ABSOLUTE
    __Vectors                                0x00000000   Data           4  startup_lpc17xx.o(RESET)
    _printf_flags                            0x00000000   Number         0  printf_stubs.o ABSOLUTE
    _printf_return_value                     0x00000000   Number         0  printf_stubs.o ABSOLUTE
    _printf_sizespec                         0x00000000   Number         0  printf_stubs.o ABSOLUTE
    _printf_widthprec                        0x00000000   Number         0  printf_stubs.o ABSOLUTE
    __ARM_exceptions_init                     - Undefined Weak Reference
    __alloca_initialize                       - Undefined Weak Reference
    __arm_fini_                               - Undefined Weak Reference
    __arm_preinit_                            - Undefined Weak Reference
    __cpp_initialize__aeabi_                  - Undefined Weak Reference
    __cxa_finalize                            - Undefined Weak Reference
    __rt_locale                               - Undefined Weak Reference
    __sigvec_lookup                           - Undefined Weak Reference
    _atexit_init                              - Undefined Weak Reference
    _call_atexit_fns                          - Undefined Weak Reference
    _clock_init                               - Undefined Weak Reference
    _fp_trap_init                             - Undefined Weak Reference
    _fp_trap_shutdown                         - Undefined Weak Reference
    _get_lc_collate                           - Undefined Weak Reference
    _get_lc_ctype                             - Undefined Weak Reference
    _get_lc_monetary                          - Undefined Weak Reference
    _get_lc_numeric                           - Undefined Weak Reference
    _get_lc_time                              - Undefined Weak Reference
    _getenv_init                              - Undefined Weak Reference
    _handle_redirection                       - Undefined Weak Reference
    _init_alloc                               - Undefined Weak Reference
    _init_user_alloc                          - Undefined Weak Reference
    _initio                                   - Undefined Weak Reference
    _printf_truncate_signed                   - Undefined Weak Reference
    _printf_truncate_unsigned                 - Undefined Weak Reference
    _rand_init                                - Undefined Weak Reference
    _signal_finish                            - Undefined Weak Reference
    _signal_init                              - Undefined Weak Reference
    _terminate_alloc                          - Undefined Weak Reference
    _terminate_user_alloc                     - Undefined Weak Reference
    _terminateio                              - Undefined Weak Reference
    __main                                   0x000000cd   Thumb Code     8  __main.o(!!!main)
    __scatterload                            0x000000d5   Thumb Code     0  __scatter.o(!!!scatter)
    __scatterload_rt2                        0x000000d5   Thumb Code    44  __scatter.o(!!!scatter)
    __scatterload_rt2_thumb_only             0x000000d5   Thumb Code     0  __scatter.o(!!!scatter)
    __scatterload_null                       0x000000e3   Thumb Code     0  __scatter.o(!!!scatter)
    __decompress                             0x00000109   Thumb Code    90  __dczerorl2.o(!!dczerorl2)
    __decompress1                            0x00000109   Thumb Code     0  __dczerorl2.o(!!dczerorl2)
    __scatterload_copy                       0x00000165   Thumb Code    26  __scatter_copy.o(!!handler_copy)
    __scatterload_zeroinit                   0x00000181   Thumb Code    28  __scatter_zi.o(!!handler_zi)
    _printf_d                                0x0000019d   Thumb Code     0  _printf_d.o(.ARM.Collect$$_printf_percent$$00000009)
    _printf_percent                          0x0000019d   Thumb Code     0  _printf_percent.o(.ARM.Collect$$_printf_percent$$00000000)
    _printf_percent_end                      0x000001a3   Thumb Code     0  _printf_percent_end.o(.ARM.Collect$$_printf_percent$$00000017)
    __rt_lib_init                            0x000001a7   Thumb Code     0  libinit.o(.ARM.Collect$$libinit$$00000000)
    __rt_lib_init_alloca_1                   0x000001a9   Thumb Code     0  libinit2.o(.ARM.Collect$$libinit$$0000002E)
    __rt_lib_init_argv_1                     0x000001a9   Thumb Code     0  libinit2.o(.ARM.Collect$$libinit$$0000002C)
    __rt_lib_init_atexit_1                   0x000001a9   Thumb Code     0  libinit2.o(.ARM.Collect$$libinit$$0000001B)
    __rt_lib_init_clock_1                    0x000001a9   Thumb Code     0  libinit2.o(.ARM.Collect$$libinit$$00000021)
    __rt_lib_init_cpp_1                      0x000001a9   Thumb Code     0  libinit2.o(.ARM.Collect$$libinit$$00000032)
    __rt_lib_init_exceptions_1               0x000001a9   Thumb Code     0  libinit2.o(.ARM.Collect$$libinit$$00000030)
    __rt_lib_init_fp_1                       0x000001a9   Thumb Code     0  libinit2.o(.ARM.Collect$$libinit$$00000002)
    __rt_lib_init_fp_trap_1                  0x000001a9   Thumb Code     0  libinit2.o(.ARM.Collect$$libinit$$0000001F)
    __rt_lib_init_getenv_1                   0x000001a9   Thumb Code     0  libinit2.o(.ARM.Collect$$libinit$$00000023)
    __rt_lib_init_heap_1                     0x000001a9   Thumb Code     0  libinit2.o(.ARM.Collect$$libinit$$0000000A)
    __rt_lib_init_lc_collate_1               0x000001a9   Thumb Code     0  libinit2.o(.ARM.Collect$$libinit$$00000011)
    __rt_lib_init_lc_ctype_1                 0x000001a9   Thumb Code     0  libinit2.o(.ARM.Collect$$libinit$$00000013)
    __rt_lib_init_lc_monetary_1              0x000001a9   Thumb Code     0  libinit2.o(.ARM.Collect$$libinit$$00000015)
    __rt_lib_init_lc_numeric_1               0x000001a9   Thumb Code     0  libinit2.o(.ARM.Collect$$libinit$$00000017)
    __rt_lib_init_lc_time_1                  0x000001a9   Thumb Code     0  libinit2.o(.ARM.Collect$$libinit$$00000019)
    __rt_lib_init_preinit_1                  0x000001a9   Thumb Code     0  libinit2.o(.ARM.Collect$$libinit$$00000004)
    __rt_lib_init_rand_1                     0x000001a9   Thumb Code     0  libinit2.o(.ARM.Collect$$libinit$$0000000E)
    __rt_lib_init_return                     0x000001a9   Thumb Code     0  libinit2.o(.ARM.Collect$$libinit$$00000033)
    __rt_lib_init_signal_1                   0x000001a9   Thumb Code     0  libinit2.o(.ARM.Collect$$libinit$$0000001D)
    __rt_lib_init_stdio_1                    0x000001a9   Thumb Code     0  libinit2.o(.ARM.Collect$$libinit$$00000025)
    __rt_lib_init_user_alloc_1               0x000001a9   Thumb Code     0  libinit2.o(.ARM.Collect$$libinit$$0000000C)
    __rt_lib_shutdown                        0x000001ab   Thumb Code     0  libshutdown.o(.ARM.Collect$$libshutdown$$00000000)
    __rt_lib_shutdown_cpp_1                  0x000001ad   Thumb Code     0  libshutdown2.o(.ARM.Collect$$libshutdown$$00000004)
    __rt_lib_shutdown_fini_1                 0x000001ad   Thumb Code     0  libshutdown2.o(.ARM.Collect$$libshutdown$$00000002)
    __rt_lib_shutdown_fp_trap_1              0x000001ad   Thumb Code     0  libshutdown2.o(.ARM.Collect$$libshutdown$$00000009)
    __rt_lib_shutdown_heap_1                 0x000001ad   Thumb Code     0  libshutdown2.o(.ARM.Collect$$libshutdown$$00000011)
    __rt_lib_shutdown_return                 0x000001ad   Thumb Code     0  libshutdown2.o(.ARM.Collect$$libshutdown$$00000012)
    __rt_lib_shutdown_signal_1               0x000001ad   Thumb Code     0  libshutdown2.o(.ARM.Collect$$libshutdown$$0000000C)
    __rt_lib_shutdown_stdio_1                0x000001ad   Thumb Code     0  libshutdown2.o(.ARM.Collect$$libshutdown$$00000006)
    __rt_lib_shutdown_user_alloc_1           0x000001ad   Thumb Code     0  libshutdown2.o(.ARM.Collect$$libshutdown$$0000000E)
    __rt_entry                               0x000001af   Thumb Code     0  __rtentry.o(.ARM.Collect$$rtentry$$00000000)
    __rt_entry_presh_1                       0x000001af   Thumb Code     0  __rtentry2.o(.ARM.Collect$$rtentry$$00000002)
    __rt_entry_sh                            0x000001af   Thumb Code     0  __rtentry4.o(.ARM.Collect$$rtentry$$00000004)
    __rt_entry_li                            0x000001b5   Thumb Code     0  __rtentry2.o(.ARM.Collect$$rtentry$$0000000A)
    __rt_entry_postsh_1                      0x000001b5   Thumb Code     0  __rtentry2.o(.ARM.Collect$$rtentry$$00000009)
    __rt_entry_main                          0x000001b9   Thumb Code     0  __rtentry2.o(.ARM.Collect$$rtentry$$0000000D)
    __rt_entry_postli_1                      0x000001b9   Thumb Code     0  __rtentry2.o(.ARM.Collect$$rtentry$$0000000C)
    __rt_exit                                0x000001c1   Thumb Code     0  rtexit.o(.ARM.Collect$$rtexit$$00000000)
    __rt_exit_ls                             0x000001c3   Thumb Code     0  rtexit2.o(.ARM.Collect$$rtexit$$00000003)
    __rt_exit_prels_1                        0x000001c3   Thumb Code     0  rtexit2.o(.ARM.Collect$$rtexit$$00000002)
    __rt_exit_exit                           0x000001c7   Thumb Code     0  rtexit2.o(.ARM.Collect$$rtexit$$00000004)
    Reset_Handler                            0x000001cd   Thumb Code     4  startup_lpc17xx.o(.text)
    NMI_Handler                              0x000001d1   Thumb Code     2  startup_lpc17xx.o(.text)
    HardFault_Handler                        0x000001d3   Thumb Code     2  startup_lpc17xx.o(.text)
    MemManage_Handler                        0x000001d5   Thumb Code     2  startup_lpc17xx.o(.text)
    BusFault_Handler                         0x000001d7   Thumb Code     2  startup_lpc17xx.o(.text)
    UsageFault_Handler                       0x000001d9   Thumb Code     2  startup_lpc17xx.o(.text)
    SVC_Handler                              0x000001db   Thumb Code     2  startup_lpc17xx.o(.text)
    DebugMon_Handler                         0x000001dd   Thumb Code     2  startup_lpc17xx.o(.text)
    PendSV_Handler                           0x000001df   Thumb Code     2  startup_lpc17xx.o(.text)
    SysTick_Handler                          0x000001e1   Thumb Code     2  startup_lpc17xx.o(.text)
    BOD_IRQHandler                           0x000001e3   Thumb Code     0  startup_lpc17xx.o(.text)
    CANActivity_IRQHandler                   0x000001e3   Thumb Code     0  startup_lpc17xx.o(.text)
    CAN_IRQHandler                           0x000001e3   Thumb Code     0  startup_lpc17xx.o(.text)
    DMA_IRQHandler                           0x000001e3   Thumb Code     0  startup_lpc17xx.o(.text)
    EINT0_IRQHandler                         0x000001e3   Thumb Code     0  startup_lpc17xx.o(.text)
    EINT1_IRQHandler                         0x000001e3   Thumb Code     0  startup_lpc17xx.o(.text)
    EINT2_IRQHandler                         0x000001e3   Thumb Code     0  startup_lpc17xx.o(.text)
    EINT3_IRQHandler                         0x000001e3   Thumb Code     0  startup_lpc17xx.o(.text)
    ENET_IRQHandler                          0x000001e3   Thumb Code     0  startup_lpc17xx.o(.text)
    I2C0_IRQHandler                          0x000001e3   Thumb Code     0  startup_lpc17xx.o(.text)
    I2C1_IRQHandler                          0x000001e3   Thumb Code     0  startup_lpc17xx.o(.text)
    I2C2_IRQHandler                          0x000001e3   Thumb Code     0  startup_lpc17xx.o(.text)
    I2S_IRQHandler                           0x000001e3   Thumb Code     0  startup_lpc17xx.o(.text)
    MCPWM_IRQHandler                         0x000001e3   Thumb Code     0  startup_lpc17xx.o(.text)
    PLL0_IRQHandler                          0x000001e3   Thumb Code     0  startup_lpc17xx.o(.text)
    PLL1_IRQHandler                          0x000001e3   Thumb Code     0  startup_lpc17xx.o(.text)
    PWM1_IRQHandler                          0x000001e3   Thumb Code     0  startup_lpc17xx.o(.text)
    QEI_IRQHandler                           0x000001e3   Thumb Code     0  startup_lpc17xx.o(.text)
    RTC_IRQHandler                           0x000001e3   Thumb Code     0  startup_lpc17xx.o(.text)
    SPI_IRQHandler                           0x000001e3   Thumb Code     0  startup_lpc17xx.o(.text)
    SSP0_IRQHandler                          0x000001e3   Thumb Code     0  startup_lpc17xx.o(.text)
    SSP1_IRQHandler                          0x000001e3   Thumb Code     0  startup_lpc17xx.o(.text)
    UART0_IRQHandler                         0x000001e3   Thumb Code     0  startup_lpc17xx.o(.text)
    UART1_IRQHandler                         0x000001e3   Thumb Code     0  startup_lpc17xx.o(.text)
    UART2_IRQHandler                         0x000001e3   Thumb Code     0  startup_lpc17xx.o(.text)
    UART3_IRQHandler                         0x000001e3   Thumb Code     0  startup_lpc17xx.o(.text)
    USBActivity_IRQHandler                   0x000001e3   Thumb Code     0  startup_lpc17xx.o(.text)
    USB_IRQHandler                           0x000001e3   Thumb Code     0  startup_lpc17xx.o(.text)
    WDT_IRQHandler                           0x000001e3   Thumb Code     0  startup_lpc17xx.o(.text)
    __user_initial_stackheap                 0x000001e5   Thumb Code     0  startup_lpc17xx.o(.text)
    main                                     0x00000201   Thumb Code   130  sample.o(.text)
    GetASCIICode                             0x000002a1   Thumb Code    16  asciilib.o(.text)
    joystick_init                            0x000002b5   Thumb Code    54  lib_joystick.o(.text)
    __use_two_region_memory                  0x000002f5   Thumb Code     2  heapauxi.o(.text)
    __rt_heap_escrow$2region                 0x000002f7   Thumb Code     2  heapauxi.o(.text)
    __rt_heap_expand$2region                 0x000002f9   Thumb Code     2  heapauxi.o(.text)
    __I$use$semihosting                      0x000002fb   Thumb Code     0  use_no_semi.o(.text)
    __use_no_semihosting_swi                 0x000002fb   Thumb Code     2  use_no_semi.o(.text)
    SystemInit                               0x00000301   Thumb Code   370  system_lpc17xx.o(.text)
    TIMER0_IRQHandler                        0x00000499   Thumb Code    86  irq_timer.o(.text)
    TIMER1_IRQHandler                        0x000004ef   Thumb Code    22  irq_timer.o(.text)
    TIMER2_IRQHandler                        0x00000505   Thumb Code    42  irq_timer.o(.text)
    TIMER3_IRQHandler                        0x0000052f   Thumb Code    90  irq_timer.o(.text)
    set_stop                                 0x00000589   Thumb Code     6  irq_timer.o(.text)
    set_life                                 0x0000058f   Thumb Code     6  irq_timer.o(.text)
    set_tim1                                 0x00000595   Thumb Code     6  irq_timer.o(.text)
    set_tim2                                 0x0000059b   Thumb Code     6  irq_timer.o(.text)
    set_animazione                           0x000005a1   Thumb Code     6  irq_timer.o(.text)
    get_animazione                           0x000005a7   Thumb Code     6  irq_timer.o(.text)
    set_volume                               0x000005ad   Thumb Code     6  irq_timer.o(.text)
    enable_timer                             0x000005c9   Thumb Code    36  lib_timer.o(.text)
    disable_timer                            0x000005ed   Thumb Code    36  lib_timer.o(.text)
    reset_timer                              0x00000611   Thumb Code    48  lib_timer.o(.text)
    init_timer                               0x00000641   Thumb Code   144  lib_timer.o(.text)
    wait                                     0x00000aa9   Thumb Code     4  glcd.o(.text)
    LCD_WritePixel                           0x00000aad   Thumb Code    42  glcd.o(.text)
    LCD_WriteCommand                         0x00000ad7   Thumb Code    62  glcd.o(.text)
    LCD_ClearWindow                          0x00000b15   Thumb Code   414  glcd.o(.text)
    LCD_Clear                                0x00000cb3   Thumb Code   864  glcd.o(.text)
    LCD_SetBackground                        0x00001013   Thumb Code     6  glcd.o(.text)
    LCD_Initialization                       0x00001019   Thumb Code  9620  glcd.o(.text)
    LCD_GetPoint                             0x000035ad   Thumb Code   564  glcd.o(.text)
    LCD_SetPoint                             0x000037e1   Thumb Code   118  glcd.o(.text)
    LCD_DrawLine                             0x00003857   Thumb Code   220  glcd.o(.text)
    PutChar                                  0x00003933   Thumb Code    84  glcd.o(.text)
    PutCharHorizontal                        0x00003987   Thumb Code    92  glcd.o(.text)
    GUI_Text                                 0x000039e3   Thumb Code    70  glcd.o(.text)
    LCD_SetWindow                            0x00003a29   Thumb Code   694  glcd.o(.text)
    LCD_SetOrientation                       0x00003cdf   Thumb Code   176  glcd.o(.text)
    pixel                                    0x00003d8f   Thumb Code   154  glcd.o(.text)
    LCD_DrawCircle                           0x00003e29   Thumb Code    70  glcd.o(.text)
    LCD_DrawRectangle                        0x00003e6f   Thumb Code    64  glcd.o(.text)
    LCD_Empty_Rectangle                      0x00003eaf   Thumb Code    78  glcd.o(.text)
    LCD_Darken                               0x00003efd   Thumb Code   252  glcd.o(.text)
    LCD_GetPixel                             0x00003ff9   Thumb Code   126  glcd.o(.text)
    LCD_GetBackground                        0x00004077   Thumb Code     6  glcd.o(.text)
    LPC17xx_SPI_SetSpeed                     0x000040a1   Thumb Code    16  touchpanel.o(.text)
    TP_Init                                  0x000040b1   Thumb Code    22  touchpanel.o(.text)
    Read_X                                   0x000040e3   Thumb Code    34  touchpanel.o(.text)
    Read_Y                                   0x00004105   Thumb Code    34  touchpanel.o(.text)
    TP_GetAdXY                               0x00004127   Thumb Code    28  touchpanel.o(.text)
    TP_DrawPoint                             0x00004143   Thumb Code     8  touchpanel.o(.text)
    DrawCross                                0x0000414b   Thumb Code   256  touchpanel.o(.text)
    DeleteCross                              0x0000424b   Thumb Code   258  touchpanel.o(.text)
    Read_Ads7846                             0x0000434d   Thumb Code   290  touchpanel.o(.text)
    setCalibrationMatrix                     0x0000446f   Thumb Code   346  touchpanel.o(.text)
    getDisplayPoint                          0x000045c9   Thumb Code   166  touchpanel.o(.text)
    TouchPanel_Calibrate                     0x0000466f   Thumb Code   110  touchpanel.o(.text)
    LCD_init_happines_satiety                0x000047a1   Thumb Code    10  battery.o(.text)
    LCD_InitBattery                          0x000047ab   Thumb Code   246  battery.o(.text)
    LCD_Decrease_Happines                    0x000048a1   Thumb Code   136  battery.o(.text)
    LCD_Decrease_Satiety                     0x00004929   Thumb Code   138  battery.o(.text)
    LCD_Increase_Satiety                     0x000049b3   Thumb Code    88  battery.o(.text)
    LCD_Increase_Happines                    0x00004a0b   Thumb Code    88  battery.o(.text)
    draw_speaker_volume_3                    0x00004a69   Thumb Code   190  tamagothi.o(.text)
    draw_speaker_volume_2                    0x00004b27   Thumb Code   146  tamagothi.o(.text)
    draw_speaker_volume_1                    0x00004bb9   Thumb Code   112  tamagothi.o(.text)
    draw_speaker                             0x00004c29   Thumb Code   260  tamagothi.o(.text)
    init_tamagotchi                          0x00004d2d   Thumb Code   970  tamagothi.o(.text)
    LCD_InitGame                             0x000050f7   Thumb Code   264  tamagothi.o(.text)
    LCD_Update_Tamagotchi                    0x000051ff   Thumb Code    70  tamagothi.o(.text)
    Conversion_Time_Life_Tamagotchi          0x00005245   Thumb Code    88  tamagothi.o(.text)
    emit_melody                              0x0000529d   Thumb Code     4  tamagothi.o(.text)
    draw_pera                                0x000052a1   Thumb Code   144  tamagothi.o(.text)
    Animazione_meal                          0x00005331   Thumb Code   298  tamagothi.o(.text)
    draw_apple                               0x0000545b   Thumb Code   116  tamagothi.o(.text)
    Animazione_snack                         0x000054cf   Thumb Code   422  tamagothi.o(.text)
    set_fine                                 0x00005675   Thumb Code     6  tamagothi.o(.text)
    get_fine                                 0x0000567b   Thumb Code     6  tamagothi.o(.text)
    draw_rip                                 0x00005681   Thumb Code   560  tamagothi.o(.text)
    End_Game                                 0x000058b1   Thumb Code   220  tamagothi.o(.text)
    draw_cuore                               0x0000598d   Thumb Code   614  tamagothi.o(.text)
    draw_speaker_volume_0                    0x00005bf3   Thumb Code   200  tamagothi.o(.text)
    Animazione_touch                         0x00005cbb   Thumb Code   322  tamagothi.o(.text)
    set_emit_s                               0x00005e01   Thumb Code     8  irq_rit.o(.text)
    set_status                               0x00005e09   Thumb Code     6  irq_rit.o(.text)
    RIT_IRQHandler                           0x00005e0f   Thumb Code   668  irq_rit.o(.text)
    get_status                               0x000060ab   Thumb Code     6  irq_rit.o(.text)
    enable_RIT                               0x000060c5   Thumb Code    12  lib_rit.o(.text)
    disable_RIT                              0x000060d1   Thumb Code    12  lib_rit.o(.text)
    reset_RIT                                0x000060dd   Thumb Code     8  lib_rit.o(.text)
    init_RIT                                 0x000060e5   Thumb Code    72  lib_rit.o(.text)
    ADC_IRQHandler                           0x00006139   Thumb Code   326  irq_adc.o(.text)
    ADC_init                                 0x00006289   Thumb Code    52  lib_adc.o(.text)
    ADC_start_conversion                     0x000062bd   Thumb Code    12  lib_adc.o(.text)
    playNote                                 0x000062dd   Thumb Code    54  music.o(.text)
    isNotePlaying                            0x00006313   Thumb Code    18  music.o(.text)
    __2sprintf                               0x0000632d   Thumb Code    34  noretval__2sprintf.o(.text)
    _printf_pre_padding                      0x00006355   Thumb Code    44  _printf_pad.o(.text)
    _printf_post_padding                     0x00006381   Thumb Code    34  _printf_pad.o(.text)
    _printf_int_dec                          0x000063a5   Thumb Code   104  _printf_dec.o(.text)
    __printf                                 0x0000641d   Thumb Code   308  __printf_flags_wp.o(.text)
    __aeabi_memcpy                           0x00006555   Thumb Code     0  rt_memcpy_v6.o(.text)
    __rt_memcpy                              0x00006555   Thumb Code   138  rt_memcpy_v6.o(.text)
    _memcpy_lastbytes                        0x000065bb   Thumb Code     0  rt_memcpy_v6.o(.text)
    __aeabi_memclr4                          0x000065df   Thumb Code     0  rt_memclr_w.o(.text)
    __aeabi_memclr8                          0x000065df   Thumb Code     0  rt_memclr_w.o(.text)
    __rt_memclr_w                            0x000065df   Thumb Code    78  rt_memclr_w.o(.text)
    _memset_w                                0x000065e3   Thumb Code     0  rt_memclr_w.o(.text)
    _printf_int_common                       0x0000662d   Thumb Code   178  _printf_intcommon.o(.text)
    _printf_char_common                      0x000066eb   Thumb Code    32  _printf_char_common.o(.text)
    _sputc                                   0x00006711   Thumb Code    10  _sputc.o(.text)
    __aeabi_memcpy4                          0x0000671b   Thumb Code     0  rt_memcpy_w.o(.text)
    __aeabi_memcpy8                          0x0000671b   Thumb Code     0  rt_memcpy_w.o(.text)
    __rt_memcpy_w                            0x0000671b   Thumb Code   100  rt_memcpy_w.o(.text)
    _memcpy_lastbytes_aligned                0x00006763   Thumb Code     0  rt_memcpy_w.o(.text)
    __user_setup_stackheap                   0x0000677f   Thumb Code    74  sys_stackheap_outer.o(.text)
    exit                                     0x000067c9   Thumb Code    18  exit.o(.text)
    __user_libspace                          0x000067dd   Thumb Code     8  libspace.o(.text)
    __user_perproc_libspace                  0x000067dd   Thumb Code     0  libspace.o(.text)
    __user_perthread_libspace                0x000067dd   Thumb Code     0  libspace.o(.text)
    _sys_exit                                0x000067e5   Thumb Code     8  sys_exit.o(.text)
    __semihosting_library_function           0x000067f1   Thumb Code     0  indicate_semi.o(.text)
    _is_digit                                0x000067f1   Thumb Code    14  __printf_wp.o(i._is_digit)
    __aeabi_dadd                             0x00006801   Thumb Code     0  daddsub_clz.o(x$fpl$dadd)
    _dadd                                    0x00006801   Thumb Code   332  daddsub_clz.o(x$fpl$dadd)
    __fpl_dcmp_Inf                           0x00006951   Thumb Code    24  dcmpi.o(x$fpl$dcmpinf)
    __aeabi_ddiv                             0x00006969   Thumb Code     0  ddiv.o(x$fpl$ddiv)
    _ddiv                                    0x00006969   Thumb Code   552  ddiv.o(x$fpl$ddiv)
    __aeabi_cdcmpeq                          0x00006c19   Thumb Code     0  deqf.o(x$fpl$deqf)
    _dcmpeq                                  0x00006c19   Thumb Code   120  deqf.o(x$fpl$deqf)
    __aeabi_d2uiz                            0x00006c91   Thumb Code     0  dfixu.o(x$fpl$dfixu)
    _dfixu                                   0x00006c91   Thumb Code    90  dfixu.o(x$fpl$dfixu)
    __aeabi_i2d                              0x00006ceb   Thumb Code     0  dflt_clz.o(x$fpl$dflt)
    _dflt                                    0x00006ceb   Thumb Code    46  dflt_clz.o(x$fpl$dflt)
    __aeabi_ui2d                             0x00006d19   Thumb Code     0  dflt_clz.o(x$fpl$dfltu)
    _dfltu                                   0x00006d19   Thumb Code    38  dflt_clz.o(x$fpl$dfltu)
    __aeabi_dmul                             0x00006d41   Thumb Code     0  dmul.o(x$fpl$dmul)
    _dmul                                    0x00006d41   Thumb Code   332  dmul.o(x$fpl$dmul)
    __fpl_dnaninf                            0x00006e95   Thumb Code   156  dnaninf.o(x$fpl$dnaninf)
    __fpl_dretinf                            0x00006f31   Thumb Code    12  dretinf.o(x$fpl$dretinf)
    __aeabi_dsub                             0x00006f3d   Thumb Code     0  daddsub_clz.o(x$fpl$dsub)
    _dsub                                    0x00006f3d   Thumb Code   464  daddsub_clz.o(x$fpl$dsub)
    __I$use$fp                               0x00007110   Number         0  usenofp.o(x$fpl$usenofp)
    Region$$Table$$Base                      0x00007714   Number         0  anon$$obj.o(Region$$Table)
    Region$$Table$$Limit                     0x00007754   Number         0  anon$$obj.o(Region$$Table)
    ScaleFlag                                0x10000000   Data           1  system_lpc17xx.o(.data)
    SystemFrequency                          0x10000004   Data           4  system_lpc17xx.o(.data)
    AD_last                                  0x1000000c   Data           2  irq_adc.o(.data)
    AD_current                               0x1000000e   Data           2  irq_adc.o(.data)
    SinTable                                 0x2007c02c   Data          90  irq_timer.o(.data)
    DisplaySample                            0x2007c08a   Data          12  touchpanel.o(.data)
    display                                  0x2007c096   Data           4  touchpanel.o(.data)
    song                                     0x2007c0e4   Data           8  irq_rit.o(.data)
    song1                                    0x2007c0ec   Data          24  irq_rit.o(.data)
    song2                                    0x2007c104   Data          40  irq_rit.o(.data)
    song3                                    0x2007c12c   Data          64  irq_rit.o(.data)
    matrix                                   0x2007c170   Data          56  touchpanel.o(.bss)
    ScreenSample                             0x2007c1a8   Data          12  touchpanel.o(.bss)
    __libspace_start                         0x2007c1b4   Data          96  libspace.o(.bss)
    __temporary_stack_top$libspace           0x2007c214   Data           0  libspace.o(.bss)



==============================================================================

Memory Map of the image

  Image Entry point : 0x000000cd

  Load Region LR_IROM1 (Base: 0x00000000, Size: 0x000078d0, Max: 0x00080000, ABSOLUTE, COMPRESSED[0x0000780c])

    Execution Region ER_IROM1 (Exec base: 0x00000000, Load base: 0x00000000, Size: 0x00007754, Max: 0x00080000, ABSOLUTE)

    Exec Addr    Load Addr    Size         Type   Attr      Idx    E Section Name        Object

    0x00000000   0x00000000   0x000000cc   Data   RO            3    RESET               startup_lpc17xx.o
    0x000000cc   0x000000cc   0x00000008   Code   RO          656  * !!!main             c_w.l(__main.o)
    0x000000d4   0x000000d4   0x00000034   Code   RO          859    !!!scatter          c_w.l(__scatter.o)
    0x00000108   0x00000108   0x0000005a   Code   RO          857    !!dczerorl2         c_w.l(__dczerorl2.o)
    0x00000162   0x00000162   0x00000002   PAD
    0x00000164   0x00000164   0x0000001a   Code   RO          861    !!handler_copy      c_w.l(__scatter_copy.o)
    0x0000017e   0x0000017e   0x00000002   PAD
    0x00000180   0x00000180   0x0000001c   Code   RO          863    !!handler_zi        c_w.l(__scatter_zi.o)
    0x0000019c   0x0000019c   0x00000000   Code   RO          649    .ARM.Collect$$_printf_percent$$00000000  c_w.l(_printf_percent.o)
    0x0000019c   0x0000019c   0x00000006   Code   RO          648    .ARM.Collect$$_printf_percent$$00000009  c_w.l(_printf_d.o)
    0x000001a2   0x000001a2   0x00000004   Code   RO          689    .ARM.Collect$$_printf_percent$$00000017  c_w.l(_printf_percent_end.o)
    0x000001a6   0x000001a6   0x00000002   Code   RO          725    .ARM.Collect$$libinit$$00000000  c_w.l(libinit.o)
    0x000001a8   0x000001a8   0x00000000   Code   RO          732    .ARM.Collect$$libinit$$00000002  c_w.l(libinit2.o)
    0x000001a8   0x000001a8   0x00000000   Code   RO          734    .ARM.Collect$$libinit$$00000004  c_w.l(libinit2.o)
    0x000001a8   0x000001a8   0x00000000   Code   RO          737    .ARM.Collect$$libinit$$0000000A  c_w.l(libinit2.o)
    0x000001a8   0x000001a8   0x00000000   Code   RO          739    .ARM.Collect$$libinit$$0000000C  c_w.l(libinit2.o)
    0x000001a8   0x000001a8   0x00000000   Code   RO          741    .ARM.Collect$$libinit$$0000000E  c_w.l(libinit2.o)
    0x000001a8   0x000001a8   0x00000000   Code   RO          744    .ARM.Collect$$libinit$$00000011  c_w.l(libinit2.o)
    0x000001a8   0x000001a8   0x00000000   Code   RO          746    .ARM.Collect$$libinit$$00000013  c_w.l(libinit2.o)
    0x000001a8   0x000001a8   0x00000000   Code   RO          748    .ARM.Collect$$libinit$$00000015  c_w.l(libinit2.o)
    0x000001a8   0x000001a8   0x00000000   Code   RO          750    .ARM.Collect$$libinit$$00000017  c_w.l(libinit2.o)
    0x000001a8   0x000001a8   0x00000000   Code   RO          752    .ARM.Collect$$libinit$$00000019  c_w.l(libinit2.o)
    0x000001a8   0x000001a8   0x00000000   Code   RO          754    .ARM.Collect$$libinit$$0000001B  c_w.l(libinit2.o)
    0x000001a8   0x000001a8   0x00000000   Code   RO          756    .ARM.Collect$$libinit$$0000001D  c_w.l(libinit2.o)
    0x000001a8   0x000001a8   0x00000000   Code   RO          758    .ARM.Collect$$libinit$$0000001F  c_w.l(libinit2.o)
    0x000001a8   0x000001a8   0x00000000   Code   RO          760    .ARM.Collect$$libinit$$00000021  c_w.l(libinit2.o)
    0x000001a8   0x000001a8   0x00000000   Code   RO          762    .ARM.Collect$$libinit$$00000023  c_w.l(libinit2.o)
    0x000001a8   0x000001a8   0x00000000   Code   RO          764    .ARM.Collect$$libinit$$00000025  c_w.l(libinit2.o)
    0x000001a8   0x000001a8   0x00000000   Code   RO          768    .ARM.Collect$$libinit$$0000002C  c_w.l(libinit2.o)
    0x000001a8   0x000001a8   0x00000000   Code   RO          770    .ARM.Collect$$libinit$$0000002E  c_w.l(libinit2.o)
    0x000001a8   0x000001a8   0x00000000   Code   RO          772    .ARM.Collect$$libinit$$00000030  c_w.l(libinit2.o)
    0x000001a8   0x000001a8   0x00000000   Code   RO          774    .ARM.Collect$$libinit$$00000032  c_w.l(libinit2.o)
    0x000001a8   0x000001a8   0x00000002   Code   RO          775    .ARM.Collect$$libinit$$00000033  c_w.l(libinit2.o)
    0x000001aa   0x000001aa   0x00000002   Code   RO          795    .ARM.Collect$$libshutdown$$00000000  c_w.l(libshutdown.o)
    0x000001ac   0x000001ac   0x00000000   Code   RO          808    .ARM.Collect$$libshutdown$$00000002  c_w.l(libshutdown2.o)
    0x000001ac   0x000001ac   0x00000000   Code   RO          810    .ARM.Collect$$libshutdown$$00000004  c_w.l(libshutdown2.o)
    0x000001ac   0x000001ac   0x00000000   Code   RO          812    .ARM.Collect$$libshutdown$$00000006  c_w.l(libshutdown2.o)
    0x000001ac   0x000001ac   0x00000000   Code   RO          815    .ARM.Collect$$libshutdown$$00000009  c_w.l(libshutdown2.o)
    0x000001ac   0x000001ac   0x00000000   Code   RO          818    .ARM.Collect$$libshutdown$$0000000C  c_w.l(libshutdown2.o)
    0x000001ac   0x000001ac   0x00000000   Code   RO          820    .ARM.Collect$$libshutdown$$0000000E  c_w.l(libshutdown2.o)
    0x000001ac   0x000001ac   0x00000000   Code   RO          823    .ARM.Collect$$libshutdown$$00000011  c_w.l(libshutdown2.o)
    0x000001ac   0x000001ac   0x00000002   Code   RO          824    .ARM.Collect$$libshutdown$$00000012  c_w.l(libshutdown2.o)
    0x000001ae   0x000001ae   0x00000000   Code   RO          682    .ARM.Collect$$rtentry$$00000000  c_w.l(__rtentry.o)
    0x000001ae   0x000001ae   0x00000000   Code   RO          700    .ARM.Collect$$rtentry$$00000002  c_w.l(__rtentry2.o)
    0x000001ae   0x000001ae   0x00000006   Code   RO          712    .ARM.Collect$$rtentry$$00000004  c_w.l(__rtentry4.o)
    0x000001b4   0x000001b4   0x00000000   Code   RO          702    .ARM.Collect$$rtentry$$00000009  c_w.l(__rtentry2.o)
    0x000001b4   0x000001b4   0x00000004   Code   RO          703    .ARM.Collect$$rtentry$$0000000A  c_w.l(__rtentry2.o)
    0x000001b8   0x000001b8   0x00000000   Code   RO          705    .ARM.Collect$$rtentry$$0000000C  c_w.l(__rtentry2.o)
    0x000001b8   0x000001b8   0x00000008   Code   RO          706    .ARM.Collect$$rtentry$$0000000D  c_w.l(__rtentry2.o)
    0x000001c0   0x000001c0   0x00000002   Code   RO          729    .ARM.Collect$$rtexit$$00000000  c_w.l(rtexit.o)
    0x000001c2   0x000001c2   0x00000000   Code   RO          777    .ARM.Collect$$rtexit$$00000002  c_w.l(rtexit2.o)
    0x000001c2   0x000001c2   0x00000004   Code   RO          778    .ARM.Collect$$rtexit$$00000003  c_w.l(rtexit2.o)
    0x000001c6   0x000001c6   0x00000006   Code   RO          779    .ARM.Collect$$rtexit$$00000004  c_w.l(rtexit2.o)
    0x000001cc   0x000001cc   0x00000034   Code   RO            5    .text               startup_lpc17xx.o
    0x00000200   0x00000200   0x000000a0   Code   RO           16    .text               sample.o
    0x000002a0   0x000002a0   0x00000014   Code   RO          205    .text               asciilib.o
    0x000002b4   0x000002b4   0x00000040   Code   RO          387    .text               lib_joystick.o
    0x000002f4   0x000002f4   0x00000006   Code   RO          654    .text               c_w.l(heapauxi.o)
    0x000002fa   0x000002fa   0x00000002   Code   RO          798    .text               c_w.l(use_no_semi.o)
    0x000002fc   0x000002fc   0x00000004   Code   RO            4    .ARM.__at_0x02FC    startup_lpc17xx.o
    0x00000300   0x00000300   0x00000198   Code   RO          100    .text               system_lpc17xx.o
    0x00000498   0x00000498   0x00000130   Code   RO          127    .text               irq_timer.o
    0x000005c8   0x000005c8   0x00000154   Code   RO          180    .text               lib_timer.o
    0x0000071c   0x0000071c   0x00003984   Code   RO          225    .text               glcd.o
    0x000040a0   0x000040a0   0x00000700   Code   RO          272    .text               touchpanel.o
    0x000047a0   0x000047a0   0x000002c8   Code   RO          308    .text               battery.o
    0x00004a68   0x00004a68   0x00001398   Code   RO          351    .text               tamagothi.o
    0x00005e00   0x00005e00   0x000002c4   Code   RO          435    .text               irq_rit.o
    0x000060c4   0x000060c4   0x00000074   Code   RO          486    .text               lib_rit.o
    0x00006138   0x00006138   0x00000150   Code   RO          510    .text               irq_adc.o
    0x00006288   0x00006288   0x00000054   Code   RO          549    .text               lib_adc.o
    0x000062dc   0x000062dc   0x00000050   Code   RO          573    .text               music.o
    0x0000632c   0x0000632c   0x00000028   Code   RO          620    .text               c_w.l(noretval__2sprintf.o)
    0x00006354   0x00006354   0x0000004e   Code   RO          624    .text               c_w.l(_printf_pad.o)
    0x000063a2   0x000063a2   0x00000002   PAD
    0x000063a4   0x000063a4   0x00000078   Code   RO          626    .text               c_w.l(_printf_dec.o)
    0x0000641c   0x0000641c   0x00000138   Code   RO          640    .text               c_w.l(__printf_flags_wp.o)
    0x00006554   0x00006554   0x0000008a   Code   RO          650    .text               c_w.l(rt_memcpy_v6.o)
    0x000065de   0x000065de   0x0000004e   Code   RO          652    .text               c_w.l(rt_memclr_w.o)
    0x0000662c   0x0000662c   0x000000b2   Code   RO          683    .text               c_w.l(_printf_intcommon.o)
    0x000066de   0x000066de   0x00000002   PAD
    0x000066e0   0x000066e0   0x00000030   Code   RO          685    .text               c_w.l(_printf_char_common.o)
    0x00006710   0x00006710   0x0000000a   Code   RO          687    .text               c_w.l(_sputc.o)
    0x0000671a   0x0000671a   0x00000064   Code   RO          690    .text               c_w.l(rt_memcpy_w.o)
    0x0000677e   0x0000677e   0x0000004a   Code   RO          716    .text               c_w.l(sys_stackheap_outer.o)
    0x000067c8   0x000067c8   0x00000012   Code   RO          718    .text               c_w.l(exit.o)
    0x000067da   0x000067da   0x00000002   PAD
    0x000067dc   0x000067dc   0x00000008   Code   RO          726    .text               c_w.l(libspace.o)
    0x000067e4   0x000067e4   0x0000000c   Code   RO          787    .text               c_w.l(sys_exit.o)
    0x000067f0   0x000067f0   0x00000000   Code   RO          800    .text               c_w.l(indicate_semi.o)
    0x000067f0   0x000067f0   0x0000000e   Code   RO          638    i._is_digit         c_w.l(__printf_wp.o)
    0x000067fe   0x000067fe   0x00000002   PAD
    0x00006800   0x00006800   0x00000150   Code   RO          658    x$fpl$dadd          fz_ws.l(daddsub_clz.o)
    0x00006950   0x00006950   0x00000018   Code   RO          692    x$fpl$dcmpinf       fz_ws.l(dcmpi.o)
    0x00006968   0x00006968   0x000002b0   Code   RO          665    x$fpl$ddiv          fz_ws.l(ddiv.o)
    0x00006c18   0x00006c18   0x00000078   Code   RO          668    x$fpl$deqf          fz_ws.l(deqf.o)
    0x00006c90   0x00006c90   0x0000005a   Code   RO          670    x$fpl$dfixu         fz_ws.l(dfixu.o)
    0x00006cea   0x00006cea   0x0000002e   Code   RO          675    x$fpl$dflt          fz_ws.l(dflt_clz.o)
    0x00006d18   0x00006d18   0x00000026   Code   RO          674    x$fpl$dfltu         fz_ws.l(dflt_clz.o)
    0x00006d3e   0x00006d3e   0x00000002   PAD
    0x00006d40   0x00006d40   0x00000154   Code   RO          680    x$fpl$dmul          fz_ws.l(dmul.o)
    0x00006e94   0x00006e94   0x0000009c   Code   RO          694    x$fpl$dnaninf       fz_ws.l(dnaninf.o)
    0x00006f30   0x00006f30   0x0000000c   Code   RO          696    x$fpl$dretinf       fz_ws.l(dretinf.o)
    0x00006f3c   0x00006f3c   0x000001d4   Code   RO          660    x$fpl$dsub          fz_ws.l(daddsub_clz.o)
    0x00007110   0x00007110   0x00000000   Code   RO          698    x$fpl$usenofp       fz_ws.l(usenofp.o)
    0x00007110   0x00007110   0x000005f0   Data   RO          206    .constdata          asciilib.o
    0x00007700   0x00007700   0x00000011   Data   RO          641    .constdata          c_w.l(__printf_flags_wp.o)
    0x00007711   0x00007711   0x00000003   PAD
    0x00007714   0x00007714   0x00000040   Data   RO          855    Region$$Table       anon$$obj.o


    Execution Region RW_IRAM1 (Exec base: 0x10000000, Load base: 0x00007754, Size: 0x00000210, Max: 0x00008000, ABSOLUTE)

    Exec Addr    Load Addr    Size         Type   Attr      Idx    E Section Name        Object

    0x10000000   0x00007754   0x00000008   Data   RW          101    .data               system_lpc17xx.o
    0x10000008   0x0000775c   0x00000004   Data   RW          226    .data               glcd.o
    0x1000000c   0x00007760   0x00000004   Data   RW          511    .data               irq_adc.o
    0x10000010        -       0x00000200   Zero   RW            1    STACK               startup_lpc17xx.o


    Execution Region RW_IRAM2 (Exec base: 0x2007c000, Load base: 0x00007764, Size: 0x00000218, Max: 0x00008000, ABSOLUTE, COMPRESSED[0x000000a8])

    Exec Addr    Load Addr    Size         Type   Attr      Idx    E Section Name        Object

    0x2007c000   COMPRESSED   0x00000086   Data   RW          128    .data               irq_timer.o
    0x2007c086   COMPRESSED   0x00000010   Data   RW          274    .data               touchpanel.o
    0x2007c096   COMPRESSED   0x00000004   Data   RW          275    .data               touchpanel.o
    0x2007c09a   COMPRESSED   0x00000002   PAD
    0x2007c09c   COMPRESSED   0x00000008   Data   RW          309    .data               battery.o
    0x2007c0a4   COMPRESSED   0x00000024   Data   RW          353    .data               tamagothi.o
    0x2007c0c8   COMPRESSED   0x000000a4   Data   RW          436    .data               irq_rit.o
    0x2007c16c   COMPRESSED   0x00000004   PAD
    0x2007c170        -       0x00000044   Zero   RW          273    .bss                touchpanel.o
    0x2007c1b4        -       0x00000060   Zero   RW          727    .bss                c_w.l(libspace.o)
    0x2007c214   COMPRESSED   0x00000004   PAD
    0x2007c218        -       0x00000000   Zero   RW            2    HEAP                startup_lpc17xx.o


==============================================================================

Image component sizes


      Code (inc. data)   RO Data    RW Data    ZI Data      Debug   Object Name

        20          4       1520          0          0        951   asciilib.o
       712          6          0          8          0       2508   battery.o
     14724         68          0          4          0      62484   glcd.o
       336         10          0          4          0        870   irq_adc.o
       708         20          0        164          0       3332   irq_rit.o
       304         22          0        134          0      19918   irq_timer.o
        84         20          0          0          0        688   lib_adc.o
        64         10          0          0          0        436   lib_joystick.o
       116         12          0          0          0        988   lib_rit.o
       340         18          0          0          0      28179   lib_timer.o
        80          8          0          0          0       1433   music.o
       160         30          0          0          0       4987   sample.o
        56         22        204          0        512        992   startup_lpc17xx.o
       408         38          0          8          0       1009   system_lpc17xx.o
      5016         98          0         36          0       7826   tamagothi.o
      1792         70          0         20         68       6048   touchpanel.o

    ----------------------------------------------------------------------
     24920        456       1788        380        584     142649   Object Totals
         0          0         64          0          0          0   (incl. Generated)
         0          0          0          2          4          0   (incl. Padding)

    ----------------------------------------------------------------------

      Code (inc. data)   RO Data    RW Data    ZI Data      Debug   Library Member Name

        90          0          0          0          0          0   __dczerorl2.o
         8          0          0          0          0         68   __main.o
       312          4         17          0          0         92   __printf_flags_wp.o
        14          0          0          0          0         68   __printf_wp.o
         0          0          0          0          0          0   __rtentry.o
        12          0          0          0          0          0   __rtentry2.o
         6          0          0          0          0          0   __rtentry4.o
        52          8          0          0          0          0   __scatter.o
        26          0          0          0          0          0   __scatter_copy.o
        28          0          0          0          0          0   __scatter_zi.o
        48          6          0          0          0         96   _printf_char_common.o
         6          0          0          0          0          0   _printf_d.o
       120         16          0          0          0         92   _printf_dec.o
       178          0          0          0          0         88   _printf_intcommon.o
        78          0          0          0          0        108   _printf_pad.o
         0          0          0          0          0          0   _printf_percent.o
         4          0          0          0          0          0   _printf_percent_end.o
        10          0          0          0          0         68   _sputc.o
        18          0          0          0          0         80   exit.o
         6          0          0          0          0        152   heapauxi.o
         0          0          0          0          0          0   indicate_semi.o
         2          0          0          0          0          0   libinit.o
         2          0          0          0          0          0   libinit2.o
         2          0          0          0          0          0   libshutdown.o
         2          0          0          0          0          0   libshutdown2.o
         8          4          0          0         96         68   libspace.o
        40          6          0          0          0         84   noretval__2sprintf.o
        78          0          0          0          0         80   rt_memclr_w.o
       138          0          0          0          0         68   rt_memcpy_v6.o
       100          0          0          0          0         80   rt_memcpy_w.o
         2          0          0          0          0          0   rtexit.o
        10          0          0          0          0          0   rtexit2.o
        12          4          0          0          0         68   sys_exit.o
        74          0          0          0          0         80   sys_stackheap_outer.o
         2          0          0          0          0         68   use_no_semi.o
       804         16          0          0          0        272   daddsub_clz.o
        24          0          0          0          0         68   dcmpi.o
       688        140          0          0          0        208   ddiv.o
       120          4          0          0          0         92   deqf.o
        90          4          0          0          0         92   dfixu.o
        84          0          0          0          0        136   dflt_clz.o
       340         12          0          0          0        104   dmul.o
       156          4          0          0          0         92   dnaninf.o
        12          0          0          0          0         68   dretinf.o
         0          0          0          0          0          0   usenofp.o

    ----------------------------------------------------------------------
      3820        228         20          0        100       2640   Library Totals
        14          0          3          0          4          0   (incl. Padding)

    ----------------------------------------------------------------------

      Code (inc. data)   RO Data    RW Data    ZI Data      Debug   Library Name

      1488         48         17          0         96       1508   c_w.l
      2318        180          0          0          0       1132   fz_ws.l

    ----------------------------------------------------------------------
      3820        228         20          0        100       2640   Library Totals

    ----------------------------------------------------------------------

==============================================================================


      Code (inc. data)   RO Data    RW Data    ZI Data      Debug   

     28740        684       1808        380        684     142753   Grand Totals
     28740        684       1808        184        684     142753   ELF Image Totals (compressed)
     28740        684       1808        184          0          0   ROM Totals

==============================================================================

    Total RO  Size (Code + RO Data)                30548 (  29.83kB)
    Total RW  Size (RW Data + ZI Data)              1064 (   1.04kB)
    Total ROM Size (Code + RO Data + RW Data)      30732 (  30.01kB)

==============================================================================

